[web/html/index.html]
[backblue.gif]
[fade.gif]
[index.html]
[web/images/meta-default6dba.png]
[web/images/apple-touch-icon.png]
[web/images/favicon-32x32.png]
[web/images/favicon-16x16.png]
[web/images/site.webmanifest]
[web/images/safari-pinned-tab.svg]
[web/images/opensearch.xml]
[web/images/source-sans-pro-400-italic-cyrillic-ext.woff2]
[web/images/source-sans-pro-400-italic-greek-ext.woff2]
[web/images/source-sans-pro-400-italic-greek.woff2]
[web/images/source-sans-pro-400-italic-vietnamese.woff2]
[web/images/source-sans-pro-400-italic-latin-ext.woff2]
[web/images/source-sans-pro-400-italic-latin.woff2]
[web/images/source-sans-pro-400-regular-cyrillic-ext.woff2]
[web/images/source-sans-pro-400-regular-cyrillic.woff2]
[web/images/source-sans-pro-400-regular-greek-ext.woff2]
[web/images/source-sans-pro-400-regular-greek.woff2]
[web/images/source-sans-pro-400-regular-vietnamese.woff2]
[web/images/source-sans-pro-400-regular-latin-ext.woff2]
[web/images/source-sans-pro-400-regular-latin.woff2]
[web/images/source-sans-pro-600-semibold-cyrillic-ext.woff2]
[web/images/source-sans-pro-600-semibold-cyrillic.woff2]
[web/images/source-sans-pro-600-semibold-greek-ext.woff2]
[web/images/source-sans-pro-600-semibold-greek.woff2]
[web/images/source-sans-pro-600-semibold-vietnamese.woff2]
[web/images/source-sans-pro-600-semibold-latin-ext.woff2]
[web/images/source-sans-pro-600-semibold-latin.woff2]
[web/images/source-sans-pro-700-bold-cyrillic-ext.woff2]
[web/images/source-sans-pro-700-bold-cyrillic.woff2]
[web/images/source-sans-pro-700-bold-greek-ext.woff2]
[web/images/source-sans-pro-700-bold-greek.woff2]
[web/images/source-sans-pro-700-bold-vietnamese.woff2]
[web/images/source-sans-pro-700-bold-latin-ext.woff2]
[web/images/source-sans-pro-700-bold-latin.woff2]
[web/images/fade-gradient.png]
[web/images/analytics.js]
[web/html/rankings.html]
[web/html/collections.html]
[web/html/subjects.html]
[web/html/cs.html]
[web/html/health.html]
[web/html/maths.html]
[web/html/social-sciences.html]
[web/html/universities.html]
[web/html/index-2.html]
[web/images/mini-banner-best-of-all-time3e68.png]
[web/html/top-free-online-courses.html]
[web/images/mini-banner-best-of-all-timec7ac.png]
[web/images/mini-banner-most-popular-of-all-time0931.png]
[web/images/mini-banner-most-popular-of-all-time45d9.png]
[web/html/index-3.html]
[web/html/index-4.html]
[web/html/index-6.html]
[web/html/index-5.html]
[web/html/ivy-league-moocs.html]
[web/html/index-7.html]
[web/images/collection-ivy-league-moocs-social5b92.jpg]
[web/images/collection-ivy-league-moocs-social1fe9.jpg]
[web/images/collection-coursera-free-coursesd038.png]
[web/images/collection-coursera-free-courses08e8.png]
[web/images/collection-free-certificates7462.png]
[web/images/collection-free-certificatesbc95.png]
[web/images/collection-google-certsa0be.png]
[web/images/collection-google-certsc6f1.png]
[web/html/index-8.html]
[web/html/index-9.html]
[web/html/index-10.html]
[web/html/starting-this-month.html]
[web/html/february-2023.html]
[web/html/index-11.html]
[web/html/ai.html]
[web/html/algorithms-and-data-structures.html]
[web/html/internet-of-things.html]
[web/html/information-technology.html]
[web/html/veterinary-science.html]
[web/html/calculus.html]
[web/html/precalculus.html]
[web/html/management-and-leadership.html]
[web/html/industry-specific.html]
[web/html/project-management.html]
[web/html/customer-service.html]
[web/html/language-learning.html]
[web/html/culture.html]
[web/html/library-science.html]
[web/html/robotics.html]
[web/html/bim.html]
[web/html/chemistry.html]
[web/html/agriculture.html]
[web/html/k12.html]
[web/html/test-prep.html]
[web/html/anthropology.html]
[web/html/sustainability.html]
[web/html/digital-media.html]
[web/html/data-analysis.html]
[web/html/databases.html]
[web/html/communication-skills.html]
[web/html/network-security.html]
[web/html/malware-analysis.html]
[web/html/red-team.html]
[web/images/coursera-google-revenue-banner1317.png]
[web/images/list-empty6407.png]
[web/html/index-12.html]
[web/html/index-13.html]
[web/html/index-16.html]
[web/html/index-14.html]
[web/html/index-15.html]
[web/html/lists.html]
[web/html/index-17.html]
[web/html/signup.html]
[web/images/learning-illustration-holib828.png]
[web/html/login.html]
[web/html/digital-skills.html]
[web/html/swayam-functional-foods-and-nutraceuticals-14069.html]
[web/html/transport-systems-global-issues-and-future-innova-12705.html]
[web/images/icon-free-certificates1174.png]
[web/images/icon-ivy-league6438.png]
[web/images/stanford-trn-sq17f6.png]
[web/images/icon-best-all-time6b4b.png]
[web/html/stanford.html]
[web/images/icon-csaed6.png]
[web/images/icon-sustainability9a1a.png]
[web/html/sustainability-online-courses.html]
[web/images/mit-trn-sqf645.png]
[web/html/mit.html]
[web/images/google-trn-sqffa8.png]
[web/html/google.html]
[web/images/amazon-trn-sqc0bb.png]
[web/images/icon-business39ff.png]
[web/html/amazon.html]
[web/images/deale4ca.svg]
[web/images/homepage-discover-0149dd.png]
[web/html/index-19.html]
[web/html/index-18.html]
[web/images/harvard24a9.png]
[web/images/harvard12fb.png]
[web/html/harvard.html]
[web/images/stanford5813.png]
[web/images/stanford692f.png]
[web/images/iit-kharagpurbad5.png]
[web/images/iit-kharagpur3e7e.png]
[web/html/iit-kharagpur.html]
[web/images/mit7179.png]
[web/images/mit6803.png]
[web/images/ricec4e3.png]
[web/images/ricecc22.png]
[web/html/rice.html]
[web/images/iitm5204.png]
[web/images/iitm3280.png]
[web/html/iitm.html]
[web/images/columbia9b1a.png]
[web/images/columbia3755.png]
[web/html/columbia.html]
[web/images/cornella27f.png]
[web/images/cornell9c0f.png]
[web/html/cornell.html]
[web/images/edinburgh47df.png]
[web/images/edinburgh3216.png]
[web/html/edinburgh.html]
[web/images/purdue21f6.png]
[web/images/purdue39cf.png]
[web/html/purdue.html]
[web/images/pennab51.png]
[web/images/penn0cdc.png]
[web/html/penn.html]
[web/images/dukedf08.png]
[web/images/dukebf93.png]
[web/html/duke.html]
[web/images/umichb05a.png]
[web/images/umich1bfb.png]
[web/html/umich.html]
[web/images/coursera-trn-sqc43d.png]
[web/images/coursera-trn-sqf873.png]
[web/html/coursera.html]
[web/images/edx-trn-sq7d7a.png]
[web/images/edx-trn-sqe227.png]
[web/html/edx.html]
[web/images/futurelearn-trn-sq1970.png]
[web/images/futurelearn-trn-sqc75e.png]
[web/html/futurelearn.html]
[web/images/udemy-trn-sqd9e7.png]
[web/images/udemy-trn-sq6b36.png]
[web/images/swayam-trn-sqb82e.png]
[web/images/swayam-trn-sq20ea.png]
[web/images/linkedin-learning-trn-sq6510.png]
[web/images/linkedin-learning-trn-sq8c39.png]
[web/images/skillshare-trn-sqad55.png]
[web/images/skillshare-trn-sq9645.png]
[web/images/google26e5.png]
[web/images/googlec927.png]
[web/images/amazon11a8.png]
[web/images/amazonbfc4.png]
[web/images/microsoftca5a.png]
[web/images/microsofte4df.png]
[web/images/ibm7639.png]
[web/images/ibmb3ff.png]
[web/images/smithsonian0cee.png]
[web/images/smithsonian8661.png]
[web/html/smithsonian.html]
[web/images/united-nationsaaac.png]
[web/images/united-nationsa2cd.png]
[web/images/british-councilbe04.png]
[web/images/british-council9165.png]
[web/html/british-council.html]
[web/images/mini-banner-best-of-all-time992b.png]
[web/images/mini-banner-best-of-all-time5fef.png]
[web/images/mini-banner-best-of-2022a427.png]
[web/images/mini-banner-best-of-20226fc4.png]
[web/images/futurelearn-raises-sub-pricec897.png]
[web/images/futurelearn-raises-sub-price9f02.png]
[web/images/css-layout-bcg-banner2282.png]
[web/images/css-layout-bcg-banner877d.png]
[web/html/index-20.html]
[web/images/digital-art-bcg-bannerdad3.png]
[web/images/digital-art-bcg-bannere69e.png]
[web/images/elm-bcg-banner67b1.png]
[web/images/elm-bcg-banner7374.png]
[web/html/index-21.html]
[web/images/resume-writing-bcg-banner6802.png]
[web/images/resume-writing-bcg-bannera1ce.png]
[web/images/ocaml-bcg-bannerefde.png]
[web/images/ocaml-bcg-banner74c2.png]
[web/html/index-22.html]
[web/images/collections-udemy-top-coursesa8d4.png]
[web/images/collections-udemy-top-coursesb42d.png]
[web/images/collection-india-ugc-approved-online-degrees7238.png]
[web/images/collection-india-ugc-approved-online-degrees058b.png]
[web/html/index-23.html]
[web/images/collection-earn-a-masters-degree-social3f9b.png]
[web/images/collection-earn-a-masters-degree-sociald381.png]
[web/images/collection-microcredentials-socialc08f.png]
[web/images/collection-microcredentials-social5dfd.png]
[web/images/collection-ivy-league-moocs-social9f0a.jpg]
[web/html/index-24.html]
[web/images/collection-ivy-league-moocs-sociale573.jpg]
[web/images/collection-most-popular-all-time-social611f.png]
[web/images/collection-most-popular-all-time-social1b82.png]
[web/html/index-25.html]
[web/html/index-28.html]
[web/html/udacity.html]
[web/html/index-27.html]
[web/html/index-26.html]
[web/html/index-29.html]
[web/html/index-30.html]
[web/html/index-33.html]
[web/html/index-32.html]
[web/html/index-31.html]
[web/html/gatech.html]
[web/html/index-34.html]
[web/html/index-35.html]
[web/html/linuxfoundation.html]
[web/html/index-36.html]
[web/html/salesforce.html]
[web/html/index-38.html]
[web/html/index-37.html]
[web/html/index-39.html]
[web/html/about.html]
[web/html/index-40.html]
[web/html/index-41.html]
[web/html/index-42.html]
[web/html/privacy-policy.html]
[web/html/index-43.html]
[web/html/index-45.html]
[web/html/careers.html]
[web/html/index-47.html]
[web/html/help.html]
[web/html/email-protection.html]
[web/images/email-decode.min.js]
[web/html/contact.html]
[web/images/analytics.2edefc668ab4db842c41.js]
[web/html/index.html]
[web/html/index-48.html]
[web/images/safari-pinned-tab.svg]
[web/html/index-50.html]
[web/html/index-49.html]
[web/html/index-51.html]
[web/html/index-52.html]
[web/html/index-54.html]
[web/images/celebrate.svg]
[web/html/index-53.html]
[web/images/rankings-starb04e.png]
[web/images/mini-banner-most-popular-202195fb.png]
[web/images/learning-illustration-037919.png]
[web/html/rankings.html]
[web/images/social-best-of-all-timec11a.png]
[web/images/collection-coursera-free-courses8c0f.png]
[web/images/collection-2022-best-courses38f1.png]
[web/images/college-credit-banner6074.jpg]
[web/images/collection-most-popular-of-202349c3.png]
[web/images/collection-udemy-free-courses57ea.jpg]
[web/images/collection-writing-banner88fc.png]
[web/images/collection-top-course-pandemic39f1.png]
[web/images/collection-mooc-mba00e6.png]
[web/images/collection-cs-top-universities6a4e.jpg]
[web/images/collection-swayam8f33.png]
[web/images/collection-ocw-bannerb6ac.png]
[web/images/collection-free-certificatesc07b.png]
[web/images/collection-google-certseccf.png]
[web/images/collection-linkedinb0c7.png]
[web/images/collection-future-learn-free-certs21e0.jpg]
[web/images/collection-digital-marketing-certs46d4.png]
[web/images/collection-degrees-china5e9b.png]
[web/images/collection-pluralsight-top-courses70cf.png]
[web/images/collection-visual-arts-bannerd276.png]
[web/images/collection-sustainability-online-courses-socialdd71.png]
[web/html/collections.html]
[web/images/icon-humanities835c.png]
[web/html/subjects4658.html]
[web/images/icon-data-science6cf3.png]
[web/images/icon-personal-development02ad.png]
[web/images/icon-art-and-designe03a.png]
[web/images/icon-programming-and-software-development1090.png]
[web/images/icon-engineering383f.png]
[web/images/icon-healthab63.png]
[web/images/icon-mathsdac4.png]
[web/images/icon-science6f3b.png]
[web/images/icon-social-sciences005b.png]
[web/images/icon-educationa0b5.png]
[web/images/icon-infosec2a2e.png]
[web/html/subjects.html]
[web/html/cs4658.html]
[web/images/csc2cc.svg]
[web/images/134e7f411d93.png]
[web/images/harvard-hzd728.png]
[web/images/23f2b46fd096.jpg]
[web/images/penn-hzf789.png]
[web/images/cd03bee013fe.jpg]
[web/images/mit-hzc550.png]
[web/images/18a5653c0eff.jpg]
[web/images/rice-hz5528.png]
[web/images/349756af8520.png]
[web/images/stanford-hz5b90.png]
[web/images/05d45555d2c3.jpg]
[web/images/london-hz42be.png]
[web/images/b5e5b062c823.png]
[web/images/75e771ba8a1e.png]
[web/images/604be1651503.jpg]
[web/images/f7840a56f8bc.jpg]
[web/images/aa0849a7bb47.jpg]
[web/images/hkust-hz16a8.png]
[web/images/f7bda83986e6fd97.svg]
[web/images/56692420bcb9.png]
[web/images/c209b47802f5.png]
[web/images/ucdavis-hz13f6.png]
[web/images/9e71041800f9.png]
[web/images/c4ed2f4b1e57.jpg]
[web/images/f4e3886534c2.png]
[web/images/66fb196590e3.png]
[web/images/epfl-hzb772.png]
[web/images/7fc3291513e4.jpg]
[web/images/2f169afa587e.png]
[web/images/princeton-hz22e0.png]
[web/images/4a5482dcc35d.jpg]
[web/images/leeds-hzc7bb.png]
[web/images/0b446b881fad.jpg]
[web/images/449bea5d492d.png]
[web/images/umich-hz6e92.png]
[web/html/cs.html]
[web/html/health4658.html]
[web/images/healthe1dd.svg]
[web/images/b057cff4524e.jpg]
[web/images/hqdefault1de1.jpg]
[web/images/utas-hzf9f4.png]
[web/images/f7cb9c329c6b.png]
[web/images/yale-hz3d9d.png]
[web/images/31dfc8b47d57.jpg]
[web/images/wageningenur-hzd55a.png]
[web/images/7c388fcedb68.jpg]
[web/images/195517ea288a.jpg]
[web/images/2f6bcaf324a2.jpg]
[web/images/e5982c34ce48.jpg]
[web/images/921c061757a2.jpg]
[web/images/glasgow-hz11de.png]
[web/images/60c7147ce698.jpg]
[web/images/shef-hz8e0e.png]
[web/images/340d5cb00909.jpg]
[web/images/30459b86134d.jpg]
[web/images/a4c18b6f6546.jpg]
[web/images/hqdefault8e5c.jpg]
[web/html/health.html]
[web/html/maths4658.html]
[web/images/maths3e32.svg]
[web/images/08811554cb0f.png]
[web/images/bcd3bba65c83.png]
[web/images/9d130de68d9d.png]
[web/images/2f988a2521a9.png]
[web/images/8bb736e389293ef2.gif]
[web/images/f1fdb44befbf.jpg]
[web/images/galileo-hz70c9.png]
[web/images/f2f3a4ad43aa.jpg]
[web/images/upv-hz68f0.png]
[web/images/fbb117280233.png]
[web/images/084a00d785b3.png]
[web/images/c07a38a3cf8c.png]
[web/images/1bdea6a25e54.png]
[web/images/da0769dbaffc.jpg]
[web/images/845ef650bc48.jpg]
[web/html/maths.html]
[web/html/business.html]
[web/html/humanities.html]
[web/html/engineering.html]
[web/html/science.html]
[web/html/education.html]
[web/html/social-sciences4658.html]
[web/images/social-sciences0f8d.svg]
[web/images/f223af129f1b.png]
[web/images/0c20f6d54c51.jpg]
[web/images/04e18bb411f0.jpg]
[web/images/5e27fc5cf71d.jpg]
[web/images/british-council-hz17c1.png]
[web/images/0456df5f03d2.png]
[web/images/cec-hz23ce.png]
[web/images/28e21b04e240.jpg]
[web/images/3476d26f3c62.jpg]
[web/images/700dc924eaba.png]
[web/images/duke-hz6286.png]
[web/images/3e36ff5cb669.jpg]
[web/images/hqdefault28bd.jpg]
[web/images/996b3ebf396c.png]
[web/images/ac5a436fea8f.png]
[web/images/dfece2afa435.jpg]
[web/images/82221c247e08.jpg]
[web/html/social-sciences.html]
[web/html/art-and-design.html]
[web/html/data-science.html]
[web/html/programming-and-software-development.html]
[web/html/personal-development.html]
[web/html/infosec.html]
[web/images/stanford-hzd4cb.png]
[web/images/harvard-hzaa19.png]
[web/images/mit-hz89ee.png]
[web/images/iit-kharagpur-hza403.png]
[web/images/tou-trn-sq6a0d.png]
[web/images/stanford-trn-sq9e0f.png]
[web/images/iit-kharagpur-trn-sqf1ee.png]
[web/images/mit-trn-sq3d5c.png]
[web/images/umich-trn-sq8b74.png]
[web/images/iitm-trn-sq0ebd.png]
[web/images/jhu-trn-sq0132.png]
[web/images/iitk-trn-sqa316.png]
[web/images/boulder-trn-sq2ff2.png]
[web/images/illinois-trn-sq1ae8.png]
[web/images/uci-trn-sq1b56.png]
[web/images/dartmouth-trn-sqc01b.png]
[web/images/penn-trn-sqab74.png]
[web/images/coventry-trn-sq7372.png]
[web/images/harvard-trn-sqc417.png]
[web/images/iit-roorkee-trn-sqbf9e.png]
[web/images/ignou-trn-sq73ac.png]
[web/images/spbu-trn-sqaa78.png]
[web/images/tecdemonterrey-trn-sqaf4b.png]
[web/images/iit-guwahati-trn-sq90da.png]
[web/images/university-of-naples-trn-sq9875.png]
[web/images/delft-trn-sqede5.png]
[web/images/hse-trn-sqcd02.png]
[web/images/iitb-trn-sqd33d.png]
[web/images/chicago-trn-sq8386.png]
[web/images/upv-trn-sq420e.png]
[web/images/gatech-trn-sqbd75.png]
[web/images/epfl-trn-sqbab3.png]
[web/images/mipt-trn-sq57cb.png]
[web/images/asu-trn-sq9493.png]
[web/images/rice-trn-sq8877.png]
[web/images/unam-trn-sqb55f.png]
[web/images/cusystem-trn-sqa67f.png]
[web/images/ucsd-trn-sqd7b5.png]
[web/images/usmd-trn-sqb452.png]
[web/images/fia-trn-sq4245.png]
[web/images/leeds-trn-sqd046.png]
[web/images/rosario-trn-sqf214.png]
[web/images/duke-trn-sqf48e.png]
[web/images/purdue-trn-sqefe6.png]
[web/images/pku-trn-sq6a50.png]
[web/images/iisc-trn-sq6d58.png]
[web/images/iitd-trn-sq3d91.png]
[web/images/columbia-trn-sq5f90.png]
[web/images/uva-trn-sq2d39.png]
[web/images/ucdavis-trn-sqb729.png]
[web/images/brown-trn-sqd281.png]
[web/images/iimb-trn-sq7b06.png]
[web/images/uniandes-trn-sqc713.png]
[web/images/edinburgh-trn-sq5403.png]
[web/images/javeriana-trn-sq498a.png]
[web/images/polimi-trn-sq71eb.png]
[web/images/imperial-trn-sqe5c3.png]
[web/images/tsinghua-trn-sq9267.png]
[web/images/yale-trn-sq9e83.png]
[web/images/anahuac-trn-sq6cbc.png]
[web/images/hkust-trn-sq5c00.png]
[web/images/tomsk-state-trn-sq65fd.png]
[web/images/minnesota-trn-sqc143.png]
[web/images/uq-trn-sq01fc.png]
[web/images/ubc-trn-sqf708.png]
[web/images/fr-mines-telecom-trn-sqca4b.png]
[web/images/macquarie-trn-sqe3be.png]
[web/images/suny-trn-sq15b2.png]
[web/images/umd-trn-sq2c2b.png]
[web/images/uw-trn-sq6477.png]
[web/images/upm-trn-sq5dc0.png]
[web/images/deakin-trn-sqb091.png]
[web/images/taiwan-trn-sq93f2.png]
[web/images/berklee-trn-sq3001.png]
[web/images/doane-trn-sq6bd3.png]
[web/images/glasgow-trn-sq266e.png]
[web/images/berkeley-trn-sq5416.png]
[web/images/london-trn-sq654c.png]
[web/images/wageningenur-trn-sq1c99.png]
[web/images/nyu-trn-sqb2c5.png]
[web/images/galileo-trn-sq3789.png]
[web/images/uab-trn-sq92cf.png]
[web/images/hkpolyu-trn-sq7a9f.png]
[web/images/ucchile-trn-sq31f0.png]
[web/images/utoronto-trn-sqa1b4.png]
[web/images/unige-trn-sqdb2c.png]
[web/images/mst-trn-sq2f88.png]
[web/images/northwestern-trn-sqa8f9.png]
[web/images/uclouvain-trn-sq3e11.png]
[web/images/utexas-trn-sq8631.png]
[web/images/austral-trn-sqe87e.png]
[web/images/ie-trn-sqdf84.png]
[web/images/usg-trn-sq8dfe.png]
[web/images/emory-trn-sqc92b.png]
[web/images/aachen-trn-sq399c.png]
[web/images/ep-trn-sq24a1.png]
[web/images/curtin-trn-sq802d.png]
[web/images/reading-trn-sq36f3.png]
[web/images/yonsei-trn-sq34e5.png]
[web/images/nus-trn-sq9f33.png]
[web/images/calarts-trn-sq4021.png]
[web/images/kcl-trn-sq0bb6.png]
[web/images/princeton-trn-sqa3ef.png]
[web/images/ualberta-trn-sq814a.png]
[web/images/uea-trn-sq648a.png]
[web/images/isb-trn-sqf98d.png]
[web/images/shef-trn-sq0bac.png]
[web/images/cornell-trn-sqeb38.png]
[web/images/saic-trn-sq2766.png]
[web/images/ec-trn-sqe924.png]
[web/images/utas-trn-sq3458.png]
[web/html/universities.html]
[web/images/frontend.min2072.css]
[web/images/flatpickr.min2072.css]
[web/images/select2.min080f.css]
[web/images/67792.json]
[web/images/xmlrpc0db0.php]
[web/html/index-55.html]
[web/images/wlwmanifest.xml]
[web/images/embed3702.json]
[web/images/embeda47b]
[web/images/favicon.ico]
[web/images/apple-touch-icon-2.png]
[web/images/favicon-32x32-2.png]
[web/images/favicon-16x16-2.png]
[web/images/site-2.webmanifest]
[web/images/safari-pinned-tab-2.svg]
[web/images/cc-style.1faac0f8c55193cb997a.css]
[web/images/coursera-google-revenue-banner.png]
[web/images/dhawal-shah-150x150.png]
[web/images/futurelearn-raises-sub-price.png]
[web/images/mano-pp-current-150x150.png]
[web/images/screenshot-2023-03-05-at-21-13-24-masterclass-online-classes-1024x655.jpg]
[web/images/patrick-robert-doyle-ovxht_wi5ew-unsplash-1024x640.jpg]
[web/images/emoocs-2023-banner-final.png]
[web/images/coursera-free-courses.png]
[web/images/css-layout-bcg-banner.png]
[web/images/digital-art-bcg-banner-1024x512.png]
[web/images/elm-bcg-banner.png]
[web/images/resume-writing-bcg-banner-1024x512.png]
[web/images/banner-popular-courses-16-8.jpg]
[web/images/banner-new-courses-16-8.jpg]
[web/images/banner-starting-soon-16-8.jpg]
[web/images/most-popular-all-time-1.png]
[web/images/udemy-top-courses.png]
[web/images/dev-it-certs.jpg]
[web/images/academic-writing-made-easy-by-tum.png]
[web/images/bako-faith.png]
[web/images/chinas-economic-transformation-part-1_-economic-reform-and-growth-main-banner.png]
[web/images/alfredo-portinari-maranca-150x150.jpg]
[web/images/the-science-of-well-being-yale-instructor-professor-laurie-santos.png]
[web/images/kohei_iwahara-150x150.jpg]
[web/images/exploratory-data-analysis-with-matlab-erin-byrne-course-instructor.png]
[web/images/sufi-shah-hamid-jalali-150x150.jpg]
[web/images/learning-to-teach_-mentoring-and-tutoring-student-teachers.png]
[web/images/sanja-markovic-150x150.jpg]
[web/images/goldman-sachs-10000-women-jiyoung-host.png]
[web/images/rejoiceabolude1-150x150.jpg]
[web/images/cs.svg]
[web/images/business.svg]
[web/images/humanities.svg]
[web/images/data-science.svg]
[web/images/personal-development.svg]
[web/html/index-2.html]
[web/images/art-and-design.svg]
[web/images/collection-best-courses-mobile.png]
[web/images/813cc40e0615.jpg]
[web/images/tsinghua-hz3c4a.png]
[web/images/782b4c8b7fa1.png]
[web/images/29fd680b3473.png]
[web/images/ualberta-hz7fb2.png]
[web/images/39d8ca6ac59d.jpg]
[web/images/f6056710ce8c.png]
[web/images/584a7dc6d18f.png]
[web/images/d0ded83c8011.png]
[web/images/3bf507bc0083.png]
[web/images/afdd3a7d6384.png]
[web/images/de896803bcc2.jpg]
[web/html/top-free-online-courses.html]
[web/images/71214.json]
[web/images/embed77e6.json]
[web/images/embed2dd9]
[web/images/free-certificates-banner.png]
[web/images/emoocs-2023-banner-final-300x150.png]
[web/images/2ea65e8cd3fb1d2ef4970df6eeb811bde843.jpeg]
[web/images/449d591294127639cb749f45e7eaa88ce843.png]
[web/images/d9bb8e92b9dc592ffa01613882789513e843.png]
[web/images/de642452d6fe8559a6f96a3f0c04bac2e843.png]
[web/images/suparn-150x150.jpg]
[web/images/487875195323fa6ae258fd3e1a98dde4e843.png]
[web/images/a0ea21419dc004dcaeef1f10ff3ba15ae843.png]
[web/images/2e9c7216c941db4ba18fc2e6c0bb68f4e843.png]
[web/images/8e9499c50f0185cabe8cba67a5fd74cde843.png]
[web/images/605aece5ada6edaa2f0c2955dc3572bce843.png]
[web/html/index-3.html]
[web/images/77094.json]
[web/images/embed72cd.json]
[web/images/embed6d85]
[web/images/2022-best-courses-banner.png]
[web/images/779bdf436a85c90480abf241caeb48c4e843.png]
[web/html/index-4.html]
[web/images/73773.json]
[web/images/embed7490.json]
[web/images/embed6ba6]
[web/images/heba-150x150.jpg]
[web/images/2021-best-courses-banner.png]
[web/images/5b61115fa66d3adf35cbd1a3233cf657e843.png]
[web/images/6695ea79bc0f7cadafefce7691091f9be843.png]
[web/html/index-5.html]
[web/images/77063.json]
[web/images/embed9854.json]
[web/images/embedd0c9]
[web/images/most-popular-2022.png]
[web/images/15682febff729f76996b6bc3114692cbe843.png]
[web/images/04a08820f6e798369716fbbe4b48b791e843.png]
[web/html/index-6.html]
[web/images/73299.json]
[web/images/embed6050.json]
[web/images/embed9412]
[web/images/most-popular-2021.png]
[web/images/coursera-certificates.jpg]
[web/images/088da8e6500bdba6c8cc633c2ca1147be843.jpeg]
[web/images/b662a3f1a8bb4ed440c3bb4dfa3f4088e843.png]
[web/html/index-7.html]
[web/images/6f483966033197c8c0636f65337e50bee843.png]
[web/images/collection-ivy-league-mobile.png]
[web/images/7ab647ef5a88.png]
[web/images/2cb9864caae6.jpg]
[web/images/a7db3e6045e4.jpg]
[web/images/35baf0bbb129.jpg]
[web/images/183f77d574f5.jpg]
[web/images/3b0c5d970e0f.png]
[web/images/columbia-hzc473.png]
[web/images/e50d1d7152d5.jpg]
[web/images/ffd52e4552a2.jpg]
[web/images/985735f97899.png]
[web/images/ce2c47cefded.png]
[web/html/ivy-league-moocs.html]
[web/images/66895.json]
[web/images/embed8fe8.json]
[web/images/embed2aed]
[web/images/coursera-free-course-no-certificate.png]
[web/images/coursera-free-audit-course.png]
[web/images/cloud9-selenium-php.png]
[web/images/f59b44f26727d2437ca7a089c3cf149ee843.jpeg]
[web/images/ca526354c7eaa9d571dc3dee25cf0ed4e843.png]
[web/images/aded2f7bfb55447d312f032999143c84e843.png]
[web/images/847d74faefc78ae171468be4d37163fee843.png]
[web/images/dfdefc0941fa2902228f5891b3acb347e843.png]
[web/images/844d0a8e449d707fc861a220d0f28efde843.png]
[web/images/967e5353f16770eea8634dd4ca733ba9e843.png]
[web/images/b1cf64c5dc84e49e80d5af2aa195caece843.png]
[web/images/ca2c229831430e7e60a33899f890b20be843.png]
[web/images/d01615777ad1c5c278b33349c2bb9f72e843.png]
[web/images/5ecfb0f586ce7c03ee369fee12e694e2e843.png]
[web/images/f8a945a43f98229d2de3aa5263ab1515e843.png]
[web/images/65217ccd218fdecd90ea379965f03b5ce843.jpeg]
[web/images/a23532a39366e5b2f614dc09bb214a00e843.png]
[web/images/1e15d4780fe6ae1ee25a19fa4eb94b04e843.png]
[web/images/de16b816b61d863091d4c4944142f05fe843.png]
[web/images/9667099dcb6cd851eeb393ae6a2acb75e843.png]
[web/images/47ea26d0a49c95b125e3e8422980c5f2e843.png]
[web/images/4a28db3d1ec78f6446255215c2a644a3e843.png]
[web/images/3138415ba9b0d5d72e0780c010dc01d6e843.jpeg]
[web/images/beb2bfa47b5401d4dacc87e20a5f97a5e843.png]
[web/images/1957008efeaae31c815708e1d4bdf526e843.jpeg]
[web/images/b791539a0e3f8f46c7d173e134a67b56e843.png]
[web/images/9828e4d1e0677d3a277055176e53967ae843.png]
[web/images/fe351dc7fcbbd6d43fe296dc051c7077e843.png]
[web/images/2d54ede4f013410d745378ec7f068796e843.jpeg]
[web/images/40601e90a20e8cb182b517f3c1a98f81e843.png]
[web/images/28a22c7c08cafd4dadf08e5b8ff94e3fe843.png]
[web/images/280fbe84776c1bc62f6897a5e6552012e843.png]
[web/images/a809f37be928ad49133db21153ab5b03e843.png]
[web/images/e5a2e40dda65cd20b4db2095ab05e0a2e843.jpeg]
[web/images/fd29382e503d7d88dbfffeb2a8a40073e843.jpeg]
[web/images/7f1971aed02fc1905f33ce90d479a014e843.png]
[web/images/daa2f5fc25e45cd824e006a60acdfa73e843.png]
[web/images/a3c4870c8e5cae20263c259f25794223e843.png]
[web/images/48cd90464c034ab03aa18cf6aeb11b88e843.png]
[web/images/c9eaca8acb7ef991d0d5cb5b952307a8e843.png]
[web/images/0a79f0523768c01ecbc69e0363764824e843.png]
[web/images/a30f1158b0ee297d31d520fe8130b3d3e843.png]
[web/images/29082570638cae83b60b3c0bf347e0dae843.png]
[web/html/index-8.html]
[web/images/74608.json]
[web/images/embed2cc8.json]
[web/images/embed914a]
[web/images/rui_ma-150x150.jpg]
[web/images/google-ga4-certificate.png]
[web/images/cs50p-python-certificate-of-completion.png]
[web/images/stanford-medicine-certificate-intro-to-food-final.png]
[web/images/linkedin-certification.png]
[web/images/screenshot_2021-03-07-profile.png]
[web/images/ibm-cognitive-class-courses-e1658150162565.png]
[web/images/trailhead.png]
[web/images/openlearn-certificate.png]
[web/images/digital-marketing-certs.png]
[web/images/fcc-certificate.png]
[web/images/future-learn-certs.jpg]
[web/images/coursera-cats-and-dogs.jpg]
[web/images/matlab-academy-free-certificate-final.png]
[web/images/kaggle.png]
[web/images/datacamp-certificate.png]
[web/images/cert-pat-bowden-u-tasmania.png]
[web/images/manoel-hackerrank-certificate.png]
[web/images/cert-pat-bowden-u-helsinki.png]
[web/images/redis.jpg]
[web/images/openhpi-certificate-manoel.png]
[web/images/opensap-courses.png]
[web/images/canvas-network-courses.png]
[web/images/mru-courses.png]
[web/images/twitter-flight-school-homepage.png]
[web/images/great-learning-homepage.png]
[web/images/upgrad.jpg]
[web/images/hubspot-courses.png]
[web/images/semrush-academy-certificate.png]
[web/images/mongodb.jpg]
[web/images/edraak-homepage.png]
[web/images/stepik.jpg]
[web/images/un-cc-learn.jpg]
[web/images/acumen-homepage.png]
[web/images/b6cca7d525ca144943405d0226ea8c43e843.png]
[web/images/6f4cf877e7a2f041cae9858bd0c4bf05e843.png]
[web/images/c5103c90bc434d1b07414fecce86cd16e843.png]
[web/images/4f988eeda1380014847fa287d650a601e843.png]
[web/images/acd4cdd2b7c9f573a93b965a91f5365fe843.png]
[web/images/7ccf44d49f58559d6a3e42a3e85d9fbce843.png]
[web/images/1225792b2df6b882863a2a545e6c4844e843.png]
[web/images/eb46257c6f390bf79afe9e8aecb039dae843.png]
[web/images/dc3444b028caed1fb4479e57a5ea7265e843.png]
[web/images/fc9752d490ccff876f868d4748995043e843.png]
[web/images/b72d9610825ec7e701fe8c33d8acf312e843.jpeg]
[web/images/86f3c2bfe0ba26d6819ff27f84ca841be843.png]
[web/images/a6457129f445e9ff9e4d56694192aa09e843.png]
[web/images/8497fdc26e841073128cacb379788e92e843.png]
[web/images/6bb8e4aaf9076c4d117837d821d8f38ae843.png]
[web/images/b4d94aa9011fb99723a1e8fcece1980ee843.png]
[web/images/d455c1f8498aa99c6b3ff191ee31a9c7e843.png]
[web/images/74a2c948c2121367f89360891654c59be843.png]
[web/images/75a8b72ccd8b6e183a2b0d033858f688e843.png]
[web/images/edeb9f574717ff605b9eaed6145405eee843.jpeg]
[web/images/e5d1ebfda9efac613839d955af5d0ad4e843.png]
[web/images/e35876f0285381d6771473f2aaadb7ebe843.png]
[web/images/07ef1e3c6ac1c9b6f9bb60e5842b616fe843.png]
[web/images/5d810a9dddab8ab9d656234b380dc6d2e843.png]
[web/images/ed26201e5c9073b23d9ef091ff39afe5e843.png]
[web/images/1b3f5eb6be410f75c5d0e3cfe7538bb3e843.jpeg]
[web/images/c7923cd4dea4ea967d619a03618fd3f8e843.png]
[web/images/011cb7d7ca9a92109ac8e61a749b4960e843.png]
[web/images/0d9deb9f7f814fba161a5cf934002247e843.png]
[web/images/406c2766ec0b7e850216187c1cf27c40e843.png]
[web/images/6d40a496e4f010dee109d1d4298f74e8e843.png]
[web/images/9f6edb71b504d3020b6b8944ff32b989e843.png]
[web/images/5e5e12cb259891e7e3f28326b193bef5e843.png]
[web/images/79979d69c181dad5ae95cebfa64a73b8e843.png]
[web/images/c4810b7f0d0655ee514d223dcd5cf823e843.png]
[web/images/a215ef1066e1f7d1f3f0e35c56106c52e843.png]
[web/images/f803a5e2284408099862d2bfadc6a78fe843.png]
[web/images/36365b66c28ef464b4de9ca2091bd903e843.png]
[web/images/673cc3f920c8effbd1e971895ee12523e843.png]
[web/images/30f827899cc5eee4ddf31b4f1ae80756e843.png]
[web/images/fc87c91b53614f658cee31931ca26e3de843.png]
[web/images/b28e5ef91a26a854f06b56aee3a71985e843.png]
[web/images/c5ebfcb83b3faf1ac482835bcff98633e843.png]
[web/images/64fa05f96a9cb0b9a51fff86d62ccde9e843.png]
[web/images/8b8a02434aa8495da82bbfe988d35cf1e843.png]
[web/images/cefb970006cd4c9160b1b4e8021f4bcce843.png]
[web/images/325d26516d26f6c5f27ea7b16f6aabe8e843.png]
[web/images/11a0b852b18e65d82a50e1b241d3f054e843.png]
[web/images/8a148bbb67010d656c695e427d4ae9e0e843.png]
[web/images/473074b18af038afaabeae03904f8168e843.png]
[web/images/cec095286374e19bb1e1ac28960d7037e843.png]
[web/images/22e0983e1ad934e37ab4278f232e8cdae843.png]
[web/images/af369abdb3850ca1f537963c633be027e843.jpeg]
[web/images/fcd8277a83abdf257767e6718d68a0a8e843.png]
[web/images/1eb19f66d3744c00e375dedc1e81c6f3e843.png]
[web/images/6aef94237c6dd84cbbacddc3967d9f8ae843.png]
[web/images/23fd3b82d6cd4fc9f489e3fc905479e2e843.png]
[web/images/45ac859c9a55b3183abcec4c2d8680c3e843.png]
[web/images/fe1d00da758eef38210bb2549a30b8bfe843.png]
[web/images/3220011dcd1056d4e749a2991619d269e843.png]
[web/images/1fd2883f4fcc71b12218952c69d92d56e843.png]
[web/images/7042547a1484b943a7fc494a916040ffe843.png]
[web/images/825e773bdac8025c40d56a10e7ea3880e843.png]
[web/html/index-9.html]
[web/images/74324.json]
[web/images/embedffd2.json]
[web/images/embed598b]
[web/images/google-certs.png]
[web/images/google-certificate.png]
[web/images/digital-garage-certificate-final.png]
[web/images/skillshop-certificate.png]
[web/images/google-developer-platform.png]
[web/images/qwiklabs-badge.png]
[web/images/c4e6fb80cd8ac6eca47ea276b296b1eae843.jpeg]
[web/images/104c60c839d73b5f0566b03b6d545eb3e843.png]
[web/images/54bd740ec8400504e2b7adebea1c81d9e843.jpeg]
[web/images/8de727c107bc6a19995a5640424690bbe843.png]
[web/images/8ff02802c1c9f0f2689d2b2403605a14e843.png]
[web/images/a1d2bc17e6ceb1b01337a7d0e1a9ecdae843.jpeg]
[web/images/483c8befb85b7cf1c95e5815545eeca3e843.png]
[web/images/54d4214ad07c3438f8ee849e3776e6fee843.png]
[web/images/9d33201452bc0c65f93ee746ffd0da82e843.jpeg]
[web/images/c719a1d860094fed1a9b712d472cc6cde843.png]
[web/images/3dd595806e4b0f51fb5c3ec483402724e843.png]
[web/images/6c258650746360fc75bc336c214f2414e843.png]
[web/images/6349c8b579935fa8a4541beb630dd634e843.png]
[web/images/432f4eda882f0ff5c6e00e38a26ee6a1e843.png]
[web/images/cd506cd55442a0731fb26e986efaa89de843.png]
[web/images/9d844c228f6b0a1e666af17ae7fd8ebce843.png]
[web/images/a9dbac100b3910610ee78c426ac97bd6e843.png]
[web/images/7d06bba5d44a2b7ad255aea49d7a26fae843.png]
[web/images/637655b7d1199b065417c009af944315e843.png]
[web/images/1b8b7523d24d01b9e0d40b99b08cb46ae843.png]
[web/images/e6801568606d7262f9503bec5b1080fde843.png]
[web/html/index-10.html]
[web/html/march-2023.html]
[web/html/starting-this-month4658.html]
[web/images/collection-starting-mobile.png]
[web/images/cea7ec804190.png]
[web/images/2db52f4deb6f.png]
[web/images/d89809f3c040.png]
[web/images/448b390f9065.png]
[web/images/d96be18bb8e3.png]
[web/images/77a3ce6e2d8c.jpg]
[web/images/asu-hz8e5d.png]
[web/images/432cff5ff39d.jpg]
[web/images/cd8b5553d147.jpg]
[web/images/isb-hzddc5.png]
[web/images/1d70a535c922.jpg]
[web/html/starting-this-month.html]
[web/html/february-20234658.html]
[web/images/collection-new-mobile.png]
[web/images/97a4456109a2.png]
[web/images/36f4de381e0a.png]
[web/images/jhu-hz65a0.png]
[web/images/8db1bab4ae7b.png]
[web/images/d8b059bd3204.png]
[web/images/6883955c48cd.png]
[web/images/554221edbbf0.jpg]
[web/images/7278920699a4.jpg]
[web/images/edinburgh-hz2908.png]
[web/images/3ce45e99d43d.jpg]
[web/images/50a01be18895.jpg]
[web/images/08c596efab2f.jpg]
[web/images/a5c0c5eb4292.jpg]
[web/images/9a811e4da78f.png]
[web/images/697bccd4194b.png]
[web/images/721410696284.jpg]
[web/images/0ab9170a7988.png]
[web/images/imperial-hz8f4d.png]
[web/html/february-2023.html]
[web/images/85347.json]
[web/images/embed672a.json]
[web/images/embed23b2]
[web/images/cc-logo-navy-150x150.png]
[web/images/popular-courses.jpg]
[web/html/index-11.html]
[web/html/ai4658.html]
[web/images/8da0f22826d0.png]
[web/images/573590c8ce78.png]
[web/images/deeplearning-ai-hzb1cc.png]
[web/images/48bacfb9f408.png]
[web/images/9185116ab693.jpg]
[web/images/ibm-hzf3d6.png]
[web/images/2a7261d82273.png]
[web/images/1b03947c6d56.jpg]
[web/images/95ab4c62bdf9.png]
[web/images/c2bfcd11973c.jpg]
[web/images/a6eafd099008.jpg]
[web/images/dcf8cb6b99ef.jpg]
[web/images/uw-hza44e.png]
[web/images/48073c114c8a.png]
[web/images/9cd795a74458.jpg]
[web/images/905e6fa03599.png]
[web/images/ce4b3d20ba7b.jpg]
[web/images/berkeley-hz7070.png]
[web/images/f872a675632d.jpg]
[web/images/a42b0b65a69d.png]
[web/images/ca343dbbb709.png]
[web/images/8ab4bef12d99.jpg]
[web/images/a0ee397ae2bb.jpg]
[web/images/ucsd-hz28e1.png]
[web/html/ai.html]
[web/html/algorithms-and-data-structures4658.html]
[web/images/ff9d8a0859a8.jpg]
[web/images/5b54bf551950.jpg]
[web/images/766f9ced4951.jpg]
[web/images/2b2244ee0ee1.jpg]
[web/images/gatech-hza4d2.png]
[web/images/0d1c1b0235fc.png]
[web/images/35bcbdb482fb.png]
[web/images/89047de18888.jpg]
[web/images/6eef85f8ae95.jpg]
[web/images/algorithms-and-data-structures-banner.png]
[web/images/db83c67bd81f.jpg]
[web/images/d7855fb7dbf7.jpg]
[web/images/76547cd72ea5.png]
[web/images/96b800e98632.png]
[web/images/0ff106f2e995.jpg]
[web/images/6e23f2562884.png]
[web/images/16abbd1b4935.png]
[web/images/9c3f0d9e36e4.jpg]
[web/images/illinois-hzf0d9.png]
[web/images/cef9f5716338.png]
[web/images/2ae83d131724.png]
[web/images/ac545c77595f.jpg]
[web/images/41cee18110ab.jpg]
[web/html/algorithms-and-data-structures.html]
[web/html/internet-of-things4658.html]
[web/images/ea7677e2d988.jpg]
[web/images/d84c342fc951.jpg]
[web/images/4ea96bc26884.jpg]
[web/images/97333997fbb4.jpg]
[web/images/c2a6d320f19b.jpg]
[web/images/abf07be39517.jpg]
[web/images/b0aadd857372.jpg]
[web/images/uci-hz5b29.png]
[web/images/de3fed631806.jpg]
[web/images/c1f72c4a62c9.jpg]
[web/images/3acdaba35274.jpg]
[web/images/04fc5e6c2929.jpg]
[web/images/1da727a30e86.png]
[web/images/ee684931a14d.jpg]
[web/images/6175c463d83c.jpg]
[web/images/f8f930d9f49c.png]
[web/html/internet-of-things.html]
[web/html/information-technology4658.html]
[web/images/a55083ddb56b.jpg]
[web/images/536fa1e26ca2.jpg]
[web/images/be5f796e105c.png]
[web/images/linuxfoundation-hzd665.png]
[web/images/73c2082ea01e.jpg]
[web/images/b16ab5a2b04a.png]
[web/images/1afb4ed67d7d.jpg]
[web/images/1ed7044b32fc.jpg]
[web/images/75d49cebf3f1.png]
[web/images/fe6998646103.png]
[web/images/affde13e76cb.png]
[web/images/125092164ba3.jpg]
[web/images/b2a41ba998c0.jpg]
[web/images/73fb9ff99b16.png]
[web/images/4468338b8f71.png]
[web/html/information-technology.html]
[web/html/computer-networking.html]
[web/html/machine-learning.html]
[web/html/devops.html]
[web/html/deep-learning.html]
[web/html/cryptography.html]
[web/html/quantum-computing.html]
[web/html/hci.html]
[web/html/distributed-systems.html]
[web/html/blockchain.html]
[web/html/operating-systems.html]
[web/html/computer-graphics.html]
[web/html/nutrition-and-wellness.html]
[web/html/disease-and-disorders.html]
[web/html/public-health.html]
[web/html/health-care.html]
[web/html/nursing.html]
[web/html/anatomy.html]
[web/images/5274894f56af.jpg]
[web/images/d4d14dff901a.jpg]
[web/images/7387ad0f6082.jpg]
[web/images/cb27a4139ec0.jpg]
[web/images/4709a02710b2.jpg]
[web/images/e145b636d608.jpg]
[web/images/28c5949c3a8d.jpg]
[web/images/british-society-for-antimicrobial-chemotherapy-hzc60d.png]
[web/images/0b6b63afe779.jpg]
[web/images/01b80aa3cd2e.jpg]
[web/images/59a5a0e6fc24.jpg]
[web/images/b66fde9edba8.jpg]
[web/images/fa47bd15966a.jpg]
[web/images/23c82e2d79b4.jpg]
[web/images/fc61befc7f91.jpg]
[web/images/3b854e34e9dc.jpg]
[web/html/veterinary-science.html]
[web/html/cme.html]
[web/html/statistics.html]
[web/html/foundations-of-mathematics.html]
[web/html/calculus4658.html]
[web/images/61161743ba01.jpg]
[web/images/49017b1517be.jpg]
[web/images/a4dd20cffd64.jpg]
[web/images/399456d342cc.jpg]
[web/images/51e3bd3f4d01.jpg]
[web/images/a51323e8c2fd.jpg]
[web/images/48f26c389d0f.jpg]
[web/images/933510ec4679.jpg]
[web/images/9de426968eae.jpg]
[web/images/4e04b044ce66.jpg]
[web/images/81f3683be9e7.jpg]
[web/html/calculus.html]
[web/html/discrete-mathematics.html]
[web/html/trigonometry.html]
[web/html/geometry.html]
[web/html/algebra.html]
[web/html/precalculus4658.html]
[web/images/f3f7cd56e666.jpg]
[web/images/25aba064c6a5.jpg]
[web/images/242d078ffc15.jpg]
[web/images/4adfa0980e7f.jpg]
[web/images/ac0d3bb54bed.jpg]
[web/images/ad0e3bc40a77.jpg]
[web/images/e438599af90d.jpg]
[web/images/c45b6a217c04.jpg]
[web/images/d209f2b5a9e0.jpg]
[web/images/8dc0e05622e6.jpg]
[web/images/66f9d95086c8.jpg]
[web/images/c26a8cd21eb3.jpg]
[web/images/a504aa977302.jpg]
[web/html/precalculus.html]
[web/html/number-theory.html]
[web/html/combinatorics.html]
[web/html/mathematical-logic.html]
[web/html/linear-programming.html]
[web/html/management-and-leadership4658.html]
[web/images/fe0cfb0a186c.jpg]
[web/images/82614fa3f03f.jpg]
[web/images/2ea094730cfb.jpg]
[web/images/anahuac-hzad5b.png]
[web/images/9787e204a205.jpg]
[web/images/c20b98a1d1a3.png]
[web/images/23fec45ff8cc.png]
[web/images/82dedab4955c.png]
[web/images/ie-hze608.png]
[web/images/be91b1942cb9.jpg]
[web/images/uva-hze9c0.png]
[web/images/fa29356b34c1.png]
[web/images/cddd915cbaf5.jpg]
[web/images/umd-hzef02.png]
[web/images/1b0f568e0fe4.jpg]
[web/images/19629d07035c.jpg]
[web/images/6bd2950db6b0.jpg]
[web/images/b1f5d20d23dd.jpg]
[web/images/usmd-hz12d4.png]
[web/images/4ecd9730b133.png]
[web/html/management-and-leadership.html]
[web/html/finance.html]
[web/html/entrepreneurship.html]
[web/html/marketing.html]
[web/html/strategic-management.html]
[web/html/industry-specific4658.html]
[web/images/3c14caeb9073.jpg]
[web/images/2ea6a1657fa1.jpg]
[web/images/411ec166053c.jpg]
[web/images/f7b0154ec851.jpg]
[web/images/d87605174d56.jpg]
[web/images/5e67c9d0d533.jpg]
[web/images/af3192f8081e.jpg]
[web/images/363039b442c3.jpg]
[web/images/e85b9c66e2a3.png]
[web/images/uab-hzbd4e.png]
[web/images/c8a73a5388cb.jpg]
[web/images/195537d52d23.jpg]
[web/images/2beda85ab373.jpg]
[web/images/c88aa2745756.jpg]
[web/images/ce8f2c3885a5.png]
[web/images/9f9939a69b64.jpg]
[web/html/industry-specific.html]
[web/html/business-intelligence.html]
[web/html/accounting.html]
[web/html/human-resources.html]
[web/html/project-management4658.html]
[web/images/461e49140288.jpg]
[web/images/6e68c356f949.jpg]
[web/images/73059d528602.jpg]
[web/images/c4e77100bcb1.jpg]
[web/images/83dff96e4b58.jpg]
[web/images/2908c93f7e64.jpg]
[web/images/46f426204895.jpg]
[web/images/196916645613.jpg]
[web/images/496bc6fe1c6e.jpg]
[web/images/f3dfe83c69cd.jpg]
[web/html/project-management.html]
[web/html/sales.html]
[web/html/design-thinking.html]
[web/html/business-software.html]
[web/html/risk-management.html]
[web/html/csr.html]
[web/html/customer-service4658.html]
[web/images/7e1a10ebeac4.jpg]
[web/images/8cc5863d7374.jpg]
[web/images/2aa7f6c5b18f.jpg]
[web/images/76c5f0be31a6.jpg]
[web/images/398ed386108e.png]
[web/images/google-hz411e.png]
[web/images/04ae4f8bc6e3.png]
[web/images/fb217a52e8a5.jpg]
[web/images/1d28e7b6a6a0.jpg]
[web/images/19fc061693bb.jpg]
[web/html/customer-service.html]
[web/html/nonprofit.html]
[web/html/innovation.html]
[web/html/operations-management.html]
[web/html/history.html]
[web/html/literature.html]
[web/html/language-learning4658.html]
[web/images/34ed6a993a27.jpg]
[web/images/5364cb1790ff.jpg]
[web/images/f8d1062405a4.jpg]
[web/images/5bc9e7de58df.jpg]
[web/images/de9e0a194ea9.jpg]
[web/images/yonsei-hz2041.png]
[web/images/6b676a8017d6.jpg]
[web/images/dbce8fffe627.jpg]
[web/images/b5ba9700497a.jpg]
[web/images/8f0a9a67214a.jpg]
[web/images/pku-hz6e1c.png]
[web/images/274b8a94add7.jpg]
[web/images/56e8b26e6139.jpg]
[web/images/d725b1cb8088.jpg]
[web/images/b30d7f72a641.jpg]
[web/images/6ad4b75e6875.jpg]
[web/images/ece19a97ad23.jpg]
[web/html/language-learning.html]
[web/html/grammar-writing.html]
[web/html/philosophy.html]
[web/html/religion.html]
[web/html/esl.html]
[web/html/culture4658.html]
[web/images/414de7002af6.jpg]
[web/images/aa9b95af9ed1.jpg]
[web/images/8652112bd0a4.jpg]
[web/images/bdbd4863ef06.jpg]
[web/images/3b8e3a9bbcd3.jpg]
[web/images/9a46aa85b05a.jpg]
[web/images/12917c132f0f.jpg]
[web/images/706ecf99ead0.jpg]
[web/images/4a1b8e2edc89.jpg]
[web/images/7301f1788264.jpg]
[web/images/aa4d765f0945.jpg]
[web/images/0fbd0b4ef793.jpg]
[web/images/98740e47d312.jpg]
[web/images/6cc736f4379e.jpg]
[web/html/culture.html]
[web/html/sports.html]
[web/html/journalism.html]
[web/html/ethics.html]
[web/html/linguistics.html]
[web/html/food.html]
[web/images/78a8fd4a1f63.jpg]
[web/images/53fdc70229d6.jpg]
[web/images/16b62bb6f9de.jpg]
[web/images/c5f3c5f3c12f.png]
[web/images/5a4fc00ad5bf.png]
[web/images/68ffe874d299.jpg]
[web/images/0bb470beb16a.png]
[web/images/nios-hzd226.png]
[web/images/4149975c0efd.jpg]
[web/images/utoronto-hzdbde.png]
[web/images/e0dcb674cce5.jpg]
[web/images/hqdefault3668.jpg]
[web/images/ignou-hzeb5c.png]
[web/images/hqdefault5669.jpg]
[web/images/bff338ac573a.jpg]
[web/images/6021aa1f0de0.jpg]
[web/html/library-science.html]
[web/html/reading.html]
[web/html/crisis-management.html]
[web/html/electrical-engineering.html]
[web/html/mechanical-engineering.html]
[web/html/civil-engineering.html]
[web/html/robotics4658.html]
[web/images/cc2b518d0db8.jpg]
[web/images/bab2361347e9.jpg]
[web/images/b375d3182e12.jpg]
[web/images/3507cab916b0.png]
[web/images/d457c8c5b6f5.jpg]
[web/images/c9efc82851a3.jpg]
[web/images/9c1f47dd74ca.jpg]
[web/images/0fd4ceddd9ad.png]
[web/images/5281fd59774d.jpg]
[web/images/hqdefault7b6c.jpg]
[web/images/72e0df943066.jpg]
[web/images/8bb07f35f322.jpg]
[web/images/e4cc042106b6.png]
[web/images/58f6a3d6bada.jpg]
[web/html/robotics.html]
[web/html/nanotechnology.html]
[web/html/gis.html]
[web/html/textiles.html]
[web/html/manufacturing.html]
[web/images/northwestern-hzba66.png]
[web/html/bim4658.html]
[web/images/9081b1e9245e.png]
[web/images/taiwan-hz7959.png]
[web/images/59647bc89972.png]
[web/images/8243e47415a2.jpg]
[web/images/coventry-hz9fc6.png]
[web/images/2bb7c875afca.jpg]
[web/images/purdue-hz0614.png]
[web/images/f19379458e20.png]
[web/images/945f55b40e40.png]
[web/images/63317a1347c4.png]
[web/images/db6e72708d73.png]
[web/images/bfb73ecf425d.png]
[web/images/37710406a021.jpg]
[web/images/2f2a5728610f.jpg]
[web/images/6f10a2af7866.jpg]
[web/images/638f81e448c0.jpg]
[web/images/0e3076f1b410.jpg]
[web/html/bim.html]
[web/html/cad.html]
[web/html/chemical-engineering.html]
[web/html/energy-systems.html]
[web/html/aerospace-engineering.html]
[web/html/chemistry4658.html]
[web/images/f4aa052916b9.jpg]
[web/images/d1cb14ba8682.jpg]
[web/images/8e380a837fdf.jpg]
[web/images/b2e4293de01f.jpg]
[web/images/f57bd98376bb.jpg]
[web/images/ee4132c374bc.png]
[web/images/8b29a0be7f36.jpg]
[web/images/0f3ae9ee9f95.png]
[web/images/4a2f9fe9c321.jpg]
[web/images/8b63b1c902ab.jpg]
[web/images/2d70452b400e.jpg]
[web/images/0752ac0a1e97.jpg]
[web/images/88ad61cfe94c.jpg]
[web/images/3402f3e8286c.jpg]
[web/images/2ae18e5ff19b.jpg]
[web/html/chemistry.html]
[web/html/physics.html]
[web/html/environmental-science.html]
[web/html/astronomy.html]
[web/html/biology.html]
[web/html/agriculture4658.html]
[web/images/8b23e024bc70.jpg]
[web/images/29eca6f68878.jpg]
[web/images/11a17e4e02eb.jpg]
[web/images/9d2830a56d88.jpg]
[web/images/ca1fd9b4a316.jpg]
[web/images/c444173ebeac.jpg]
[web/images/cda3607ad790.png]
[web/images/32e06e48cfc8.jpg]
[web/images/41ba0f969124.png]
[web/images/c98e30e2a5e8.jpg]
[web/images/81e97fc776da.jpg]
[web/images/b49455ca1721.jpg]
[web/images/464499b56bd4.jpg]
[web/images/369542f870b5.jpg]
[web/images/4947d6f3aa34.jpg]
[web/html/agriculture.html]
[web/html/materials-science.html]
[web/html/earth-science.html]
[web/html/applied-science.html]
[web/html/forensic-science.html]
[web/html/k124658.html]
[web/images/7ac888dc7c3e.jpg]
[web/images/reading-hz4b56.png]
[web/images/596f1d6c095e.jpg]
[web/images/e008d10fef2d.jpg]
[web/images/8866495501b6.jpg]
[web/images/ad16f4bb0b15.jpg]
[web/images/a229482df9a2.jpg]
[web/images/6b37c4e746a3.jpg]
[web/images/117751f40eec.jpg]
[web/images/5fe21dd3bd1e.png]
[web/images/24b5942846bc.jpg]
[web/images/ce9eaa8b3dd0.png]
[web/images/39b0e4fd07c9.png]
[web/images/505581f66034.png]
[web/images/b57a47a3d540.jpg]
[web/images/b8fb6b598072.jpg]
[web/html/k12.html]
[web/html/higher-education.html]
[web/html/stem.html]
[web/html/teacher-development.html]
[web/html/course-development.html]
[web/html/online-education.html]
[web/html/test-prep4658.html]
[web/images/289966dfe2f3.jpg]
[web/images/b731d672bb44.jpg]
[web/images/fe4bf4766492.jpg]
[web/images/1b5a1592dca2.jpg]
[web/images/7337353d0657.jpg]
[web/images/0a052363dd76.jpg]
[web/images/0d8df2b0c297.jpg]
[web/images/8a0bb3416909.jpg]
[web/images/c553329074ff.jpg]
[web/images/9bc0f91a3b46.jpg]
[web/images/3e85386be7ea.jpg]
[web/images/bcf155a37faa.jpg]
[web/images/f3a35cb41760.jpg]
[web/images/fdd0d00200c1.jpg]
[web/images/cbd6173caa24.jpg]
[web/html/test-prep.html]
[web/html/pedagogy.html]
[web/html/sociology.html]
[web/html/economics.html]
[web/html/psychology.html]
[web/html/anthropology4658.html]
[web/images/f7fd2830b478.jpg]
[web/images/222949efefd5.png]
[web/images/70f1d210bbce.jpg]
[web/images/aeded833e4ef.png]
[web/images/9db86d25a71e.jpg]
[web/images/053a9990a9d6.jpg]
[web/images/d45a9253e704.jpg]
[web/images/1cb5038e9492.jpg]
[web/images/2aa10b78f335.jpg]
[web/images/114d58ad5da6.jpg]
[web/images/afced3d71931.jpg]
[web/images/eb1525cae1c9.jpg]
[web/images/c42eacca6ef1.jpg]
[web/images/a82af0490951.jpg]
[web/images/0d2cbf6b6648.jpg]
[web/images/uq-hzf595.png]
[web/html/anthropology.html]
[web/html/political-science.html]
[web/html/law.html]
[web/html/urban-planning.html]
[web/html/human-rights.html]
[web/html/sustainability4658.html]
[web/images/sustainabilityb76f.svg]
[web/images/b112c3ff8863.jpg]
[web/images/3b35ca16619e.jpg]
[web/images/db1df2230139.png]
[web/images/b2d3f0ea0929.png]
[web/images/2ac0c2ed2b54.png]
[web/images/f1fb997e269a.jpg]
[web/images/ce97c4a01b9b.jpg]
[web/images/397dc8802399.jpg]
[web/images/6224108322f0.png]
[web/images/e4ba73612cdb.png]
[web/images/dd34532c8b19.png]
[web/images/23a59c6a8c3b.png]
[web/images/a601463646b5.png]
[web/images/d8d6b0a3c9a4.jpg]
[web/html/sustainability.html]
[web/html/governance.html]
[web/html/archaeology.html]
[web/html/social-work.html]
[web/html/childhood-development.html]
[web/html/music.html]
[web/html/digital-media4658.html]
[web/images/art-and-design-alt80de.jpg]
[web/images/3302d9c0c501.jpg]
[web/images/b67c56df3b01.jpg]
[web/images/calarts-hze3a7.png]
[web/images/484602490a2f.png]
[web/images/186f93dc08ce.jpg]
[web/images/823373186983.jpg]
[web/images/0a91a3279171.jpg]
[web/images/a9c241341db4.jpg]
[web/images/32420f88627a.png]
[web/images/ccc37f8faab2.jpg]
[web/images/563550531a49.jpg]
[web/images/c6929e3a5b81.jpg]
[web/images/360a3962a006.png]
[web/images/10bc5f235017.jpg]
[web/images/a93f79edecd8.jpg]
[web/images/29bb7464c22d.png]
[web/html/digital-media.html]
[web/html/visual-arts.html]
[web/html/design-and-creativity.html]
[web/html/bioinformatics.html]
[web/html/big-data.html]
[web/html/data-mining.html]
[web/html/data-analysis4658.html]
[web/images/7f35f8e70729.jpg]
[web/images/7841679b4121.jpg]
[web/images/03b3fe87ca3a.jpg]
[web/images/46df83b3aca4.png]
[web/images/9a5bbb84a6aa.png]
[web/images/41d9b7c2309d.jpg]
[web/images/9fc1c330ac95.jpg]
[web/images/8ffdf84850ee.jpg]
[web/images/01f15766dfb7.png]
[web/images/c1883e368f89.png]
[web/images/b3e2cba35a5a.jpg]
[web/images/7311d0e32391.jpg]
[web/images/aef2805e9da3.jpg]
[web/images/bbe32bc780d6.jpg]
[web/images/1383224fccd2.jpg]
[web/html/data-analysis.html]
[web/html/data-visualization.html]
[web/html/jupyter.html]
[web/html/mobile-development.html]
[web/html/web-development.html]
[web/html/databases4658.html]
[web/images/188bf8808986.jpg]
[web/images/19cd53f6899b.png]
[web/images/89dcd406d5f9.png]
[web/images/5d84dd633908.jpg]
[web/images/98549c722131.jpg]
[web/images/9effbe85bcab.jpg]
[web/images/c9e43d4ab635.jpg]
[web/images/2e4645fcaed5.png]
[web/images/7c3003aa8ed7.png]
[web/images/fae24afc3738.jpg]
[web/images/cornell-hz80d8.png]
[web/images/12a0d1a98ca8.png]
[web/images/740f7e151705.png]
[web/images/74fc1f2ad771.png]
[web/images/313ac64e7bba.png]
[web/html/databases.html]
[web/html/game-development.html]
[web/html/programming-languages.html]
[web/html/software-development.html]
[web/html/cloud-computing.html]
[web/html/communication-skills4658.html]
[web/images/9a7e2d165618.jpg]
[web/images/c7ace278d193.png]
[web/images/tomsk-state-hz377f.png]
[web/images/dbb4bce1f2af.png]
[web/images/525fecab9d44.jpg]
[web/images/0563855654ad.png]
[web/images/a974fee7b9d9.jpg]
[web/images/a0f6392dd749.png]
[web/images/a3df4700b5ad.jpg]
[web/images/4253dfa0cfd1.jpg]
[web/images/89f7fa7f82eb.jpg]
[web/images/85cc62c7c618.jpg]
[web/images/b3f4f40ef16d.jpg]
[web/html/communication-skills.html]
[web/html/career-development.html]
[web/html/self-improvement.html]
[web/html/presentation-skills.html]
[web/html/resilience.html]
[web/html/cybersecurity.html]
[web/html/network-security4658.html]
[web/images/d3c143b4409a.jpg]
[web/images/eedec56a6e33.png]
[web/images/45aad95faf5c.png]
[web/images/usg-hz5bf0.png]
[web/images/9c200f621c42.jpg]
[web/images/54fabcb66e54.png]
[web/images/e5fd717d7dfb.png]
[web/images/45264a08d9cd.png]
[web/images/6484251c08a2.jpg]
[web/images/5473471dba59.jpg]
[web/images/7b8d216a4a1a.png]
[web/images/3bf399b6ebbc.png]
[web/images/ad80bea8c077.png]
[web/images/55882a9a6f3d.png]
[web/images/57b15e011f36.png]
[web/images/c72dca9cc7e8.png]
[web/html/network-security.html]
[web/html/ethical-hacking.html]
[web/html/digital-forensics.html]
[web/html/reverse-engineering.html]
[web/html/pentesting.html]
[web/html/malware-analysis4658.html]
[web/images/475aad5837a7.jpg]
[web/images/f473600ef763.jpg]
[web/images/a1f29aae7b0a.jpg]
[web/images/7887dd39a832.jpg]
[web/images/eaf63981b923.jpg]
[web/images/b7329f2f2108.jpg]
[web/images/4c99f48b3de2.jpg]
[web/images/38651853aa23.jpg]
[web/images/aa6933d670be.jpg]
[web/images/9731d84f71d2.jpg]
[web/html/malware-analysis.html]
[web/html/devsecops.html]
[web/html/osint.html]
[web/html/threat-intelligence.html]
[web/html/infosec-certifications.html]
[web/images/f1fe79d402fb.jpg]
[web/images/321c3c54c34b.jpg]
[web/images/45fce6fcdf22.jpg]
[web/images/a69a8822d616.jpg]
[web/images/a1d0af5fe41d.jpg]
[web/images/4cb7585c04db.jpg]
[web/images/7a46e2cef18f.jpg]
[web/images/f2c91d032bc6.jpg]
[web/images/0bcbbb63e360.jpg]
[web/images/672dccd4cd8c.jpg]
[web/images/741b1fc493e6.jpg]
[web/images/d09cd49f6f2c.jpg]
[web/images/d6f3c48b054b.jpg]
[web/images/692ff43a5b83.jpg]
[web/images/49a695a45241.jpg]
[web/html/red-team.html]
[web/html/blue-team.html]
[web/images/85491.json]
[web/images/embed094d.json]
[web/images/embed6c67]
[web/images/coursera-quarterly-losses-2020-2022.png]
[web/html/index-12.html]
[web/images/0]
[web/html/index-56.html]
[web/images/udemy-announces-layoffs-banner.png]
[web/images/growth-of-courses_1-1024x512.png]
[web/images/archisha-150x150.jpg]
[web/images/writing-banner.png]
[web/images/3794cbeb72e1711c404595eb7dea9c31bf56.jpeg]
[web/images/domestika-layoffs-banner.png]
[web/images/thinkific-symbol.png]
[web/images/udemy-ceo-retires.png]
[web/html/index-13.html]
[web/images/85614.json]
[web/images/embed8aea.json]
[web/images/embed4a5b]
[web/images/futurelearn-vs-coursera-discount-final.png]
[web/html/index-14.html]
[web/images/85587.json]
[web/images/embede9ac.json]
[web/images/embed6b3e]
[web/images/resume-pic-150x150.png]
[web/images/class-central-preview-2.png]
[web/images/1.-flexbox.io-wes-bos.png]
[web/images/2.-flexbox-froggy-codepip.png]
[web/images/3.-an-interactive-guide-to-flexbox-josh-w.-comeau.png]
[web/images/4.-css-flexbox-scrimba.png]
[web/images/5.-css-grid-wes-bos.png]
[web/images/6.-css-grid-followandrew.png]
[web/images/7.-css-grid-net-ninja.png]
[web/images/8.-videos-on-css-grid-layout-land.png]
[web/images/9.-creating-a-robust-grid-system-using-subgrid-kevin-powell.png]
[web/images/10.-​​css-grid-tutorial_-responsive-design-examples-learnwebcode.png]
[web/images/11.-css-layout-adam-argyle.png]
[web/images/12.-css-positioning-tutorial-relative-vs.-absolute-vs.-fixed-vs.-sticky-_-crash-course-followandrew.png]
[web/images/13.-css-positioning-tutorials-net-ninja.png]
[web/images/14.-position-absolute-and-relative-layouts-kevin-powell.png]
[web/html/index-15.html]
[web/images/85564.json]
[web/images/embedcc47.json]
[web/images/embedae57]
[web/images/screenshot-2023-03-05-at-21-13-24-masterclass-online-classes.jpg]
[web/html/index-16.html]
[web/images/85533.json]
[web/images/embed5347.json]
[web/html/index-17.html]
[web/images/embedec3d]
[web/images/list-showcase-algorithms4b15.png]
[web/images/c55c11079f4fc2425340ea0c0f4578f54e7e.jpg]
[web/images/list-showcase-typographyc7a6.png]
[web/images/5a248b2faf0a785aa78578fd11b976969fea.jpg]
[web/images/list-showcase-data-visualization3c67.png]
[web/images/cc4399274df3fd8e4f0af6ca0343312bade3.jpg]
[web/html/lists.html]
[web/html/signup.html]
[web/html/login.html]
[web/html/digital-skills4658.html]
[web/images/a90ba40943d1.jpg]
[web/images/b564d29e8394.jpg]
[web/images/c7aeb5d238b0.png]
[web/images/6fc4b5c91644.jpg]
[web/images/af4e91f08df6.jpg]
[web/images/9c3b05be4d63.jpg]
[web/images/a53fc53a003e.jpg]
[web/images/403b8a8dc133.jpg]
[web/images/45879933eace.jpg]
[web/images/a62781337221.jpg]
[web/images/fdf98569b304.jpg]
[web/images/3ceeccf98b32.jpg]
[web/images/694fd875509f.jpg]
[web/images/3423146a9bc8.jpg]
[web/images/9d3cc1d2e590.jpg]
[web/html/digital-skills.html]
[web/images/swayam-hz0a62.png]
[web/images/2a97905f72a0.jpg]
[web/images/icon-healthc1c9.png]
[web/images/icon-science4db6.png]
[web/images/parenting-bannerf552.png]
[web/images/india-ugc-approved-online-degrees63ee.png]
[web/images/swayamlist7574.png]
[web/images/0d9979e21f6a.jpg]
[web/images/0c469ad4d38d.jpg]
[web/images/c9d7bb5485d7.jpg]
[web/html/swayam-functional-foods-and-nutraceuticals-14069.html]
[web/images/leeds-hz1b69.png]
[web/images/hqdefaultca50.jpg]
[web/images/icon-csab92.png]
[web/images/futurelearn-hza00a.png]
[web/images/collection-microcredentials-sociald77e.png]
[web/images/future-learn-certs7283.jpg]
[web/images/739d1f180e31.jpg]
[web/html/transport-systems-global-issues-and-future-innova-12705.html]
[web/html/songwriting-lyrics-523.html]
[web/html/moocs.html]
[web/html/stanford4658.html]
[web/images/stanford-hz64c7.png]
[web/images/e9381726b129.jpg]
[web/images/78333bb67a8b.jpg]
[web/images/fef6e0d51d6f.jpg]
[web/images/cce21d5fd398.jpg]
[web/images/f99281ea12af.jpg]
[web/html/stanford.html]
[web/images/collection-sustainability-online-courses-mobile.png]
[web/images/01ec28e8b0f7.jpg]
[web/images/6f11524cd90e.jpg]
[web/images/362e91bcb412.jpg]
[web/images/6b4f1d545918.jpg]
[web/images/f71a7c0c21d1.jpg]
[web/images/a588632d62ea.jpg]
[web/images/7eef4f3897d7.jpg]
[web/images/1a0e0ea1fdcf.jpg]
[web/images/51575ec2850b.jpg]
[web/html/sustainability-online-courses.html]
[web/images/sdg-academy-hz22a1.png]
[web/html/mit4658.html]
[web/images/mit-hzf135.png]
[web/images/fcf18d73b916.jpg]
[web/images/6c5ce231e98e.jpg]
[web/images/2515712f7ade.jpg]
[web/images/646042c1ca98.jpg]
[web/images/f823bde9900d.jpg]
[web/images/b49e3bc71663.jpg]
[web/images/04a4b007a797.jpg]
[web/images/4680e99833c7.jpg]
[web/images/8a05d420b39f.jpg]
[web/images/801be5feae39.jpg]
[web/html/mit.html]
[web/html/google4658.html]
[web/images/google-hza0d3.png]
[web/images/hqdefault3e90.jpg]
[web/images/745fbcc79687.png]
[web/images/c4d43f73fc41.jpg]
[web/images/cdea7abdef60.jpg]
[web/images/fd66b2ba6ad8.png]
[web/images/31122106348e.png]
[web/images/d90df2bccef8.jpg]
[web/images/087978dbdbed.png]
[web/images/ecc4a566a77d.jpg]
[web/images/bbfd8880ca4c.jpg]
[web/images/98f195e9eab0.png]
[web/images/c920c80b54b5.jpg]
[web/images/db6137c8f6de.png]
[web/images/23f5d88eaaca.png]
[web/images/bed7acf3ed8d.jpg]
[web/html/google.html]
[web/html/amazon4658.html]
[web/images/amazon-hzb305.png]
[web/images/9951b9a1106c.png]
[web/images/dcd9fc984bc1.jpg]
[web/images/7074789c9fa0.png]
[web/images/7352c48f817f.jpg]
[web/images/4ddeb83bfaba.jpg]
[web/images/239c33011f43.jpg]
[web/images/0d0a12ff1b30.png]
[web/images/c91b528c0e31.jpg]
[web/images/da8ff305c275.jpg]
[web/images/c661af15634e.jpg]
[web/images/deff929f44ba.jpg]
[web/images/8469f71b2196.jpg]
[web/images/04ff0d8a60c8.png]
[web/images/aa463e17208f.png]
[web/html/amazon.html]
[web/images/686.json]
[web/html/index-57.html]
[web/images/a6b44ad58ad2d000b7b220d72f6f4718-150x150.png]
[web/images/ocaml-bcg-banner.png]
[web/images/davinci-resolve-bcg-banner-1024x512.png]
[web/images/prolog-bcg-banner-1024x512.png]
[web/images/asl-bcg-banner-1024x512.png]
[web/images/erlang-bcg-banner.png]
[web/images/css-animation-bcg-banner.png]
[web/images/asl-bcg-banner-1024x512-2.png]
[web/images/kubernetes-bcg-banner.png]
[web/html/index-18.html]
[web/images/84167.json]
[web/images/embed886e.json]
[web/images/embed560b]
[web/images/online-learning-deals.png]
[web/images/969858080f76e1271c3e618cc09e6d0ae843.jpeg]
[web/html/index-19.html]
[web/images/deale4ca.svg]
[web/html/harvard4658.html]
[web/images/harvard-hzc104.png]
[web/images/f6bc358c3aba.png]
[web/images/8ff8bdad1f2a.png]
[web/images/3811b692eb4f.jpg]
[web/images/c038c7bed199.jpg]
[web/images/3a88e2fb13ae.jpg]
[web/images/3b5cec92776c.jpg]
[web/images/6c4b9ff4f5ca.jpg]
[web/html/harvard.html]
[web/html/iit-kharagpur4658.html]
[web/images/iit-kharagpur-hzb684.png]
[web/images/75c755918fb9.jpg]
[web/images/f6da57273dfb.jpg]
[web/images/95d3857a85ba.jpg]
[web/images/3d1286ada86f.jpg]
[web/images/0c85434e59fa.jpg]
[web/images/2fd42d376c68.jpg]
[web/images/accecb6dc3a7.jpg]
[web/images/a94b4294920e.jpg]
[web/images/6710e6d871cc.jpg]
[web/images/003a6c755b2f.jpg]
[web/images/662bfcb3ecfb.jpg]
[web/images/f89a0811257e.jpg]
[web/images/591b3fb1fe6f.jpg]
[web/images/5278808b109c.jpg]
[web/html/iit-kharagpur.html]
[web/html/rice4658.html]
[web/images/rice-hz8b6d.png]
[web/images/08dbf801ce77.png]
[web/images/3c70f2e7f260.jpg]
[web/images/b38e0af9dc0c.jpg]
[web/images/49e2b83253b2.jpg]
[web/images/3fc94988df6e.png]
[web/images/e7a5e380428f.png]
[web/images/53b32b4186b2.jpg]
[web/images/44730a0986e5.png]
[web/images/843eddeed336.jpg]
[web/images/7e5f17b2ea76.png]
[web/images/6daab39b1dee.jpg]
[web/images/f8cdacf583f6.jpg]
[web/html/rice.html]
[web/html/iitm4658.html]
[web/images/iitm-hz4468.png]
[web/images/e8bc2d2da86d.jpg]
[web/images/9a01ff48544a.jpg]
[web/images/01dc3cecf1ea.jpg]
[web/images/d257cd663241.jpg]
[web/images/0b7e6f530ca0.jpg]
[web/images/2e001da05082.jpg]
[web/images/295acbff36b7.jpg]
[web/images/7a24351e4a5a.jpg]
[web/images/9e3cdfba31eb.jpg]
[web/images/de4729887166.jpg]
[web/images/38142cecfd93.jpg]
[web/images/113cb409083e.jpg]
[web/images/3ce70e0970e8.jpg]
[web/images/ccd1d738c350.jpg]
[web/images/a7f891fa33be.jpg]
[web/html/iitm.html]
[web/html/columbia4658.html]
[web/images/columbia-hz5535.png]
[web/images/28289195c6e1.jpg]
[web/images/b569be78f276.jpg]
[web/images/a5863ed91d4b.jpg]
[web/images/64b119067418.jpg]
[web/images/3a153d30e5c8b458.gif]
[web/images/d5b963bfd558.jpg]
[web/images/2717b3f6891e.jpg]
[web/images/3da88085e492.jpg]
[web/images/b23d0822dd94.jpg]
[web/images/4910ba971968.jpg]
[web/images/27586e4b29ce.jpg]
[web/html/columbia.html]
[web/images/cornell-hz7773.png]
[web/images/5f0cbfbe61f5.jpg]
[web/images/6c369544b5f1.jpg]
[web/images/ce89a3b63b7b.jpg]
[web/images/84796375b1db.jpg]
[web/images/dd6aa69bef3c.jpg]
[web/images/efeb7a00cba0.jpg]
[web/images/47b299b25b72.jpg]
[web/images/ae819df114c9.jpg]
[web/images/e2015323986e.jpg]
[web/images/16915c45c6b5.jpg]
[web/images/e222aa0327b7.jpg]
[web/images/8a6fdf1c4c76.png]
[web/images/10a2650da711.jpg]
[web/html/cornell.html]
[web/html/edinburgh4658.html]
[web/images/edinburgh-hza069.png]
[web/images/4adea136f4c6.jpg]
[web/images/e53e7f802954.png]
[web/images/f764a5cc4767.png]
[web/images/8535d463bb76.jpg]
[web/images/44305d860932.jpg]
[web/images/87bb070dd5ce.jpg]
[web/images/d65526e6275f.png]
[web/images/8f09bf9fbf12.jpg]
[web/images/1bf6c4b05e01.png]
[web/images/fd9fa0717d5c.jpg]
[web/images/5f43b33a2a2c.png]
[web/images/3144c0cfaf4b.jpg]
[web/images/25af8c109375.jpg]
[web/images/180968a2743c.jpg]
[web/html/edinburgh.html]
[web/html/purdue4658.html]
[web/images/purdue-hzbd1d.png]
[web/images/3038c29a51c9.jpg]
[web/images/ee474dc8fbe3.png]
[web/images/810c177081eb.jpg]
[web/images/77e89019fd4c.jpg]
[web/images/46def13d66c2.jpg]
[web/images/b47b2e28c841.jpg]
[web/images/b7c443a15ed7.jpg]
[web/images/703bc830f1fa.jpg]
[web/images/2d87a0a4fbc6.jpg]
[web/images/d0a0c5f0428d.jpg]
[web/images/0e30d485591c.jpg]
[web/images/87aac6f4b904.jpg]
[web/images/6196dcdb7172.jpg]
[web/images/012374eccc1b.jpg]
[web/images/39cdcc7677bc.jpg]
[web/html/purdue.html]
[web/html/penn4658.html]
[web/images/penn-hz8c4e.png]
[web/images/c90117dea666.png]
[web/images/704c6de29090.png]
[web/images/693f8e93a0da.png]
[web/images/c643dc18490c.png]
[web/images/b1cc18a93f8f.jpg]
[web/images/22976aade747.png]
[web/images/4db260bf44a7.png]
[web/images/474ae08c7e34.png]
[web/images/fb2fe4752053.jpg]
[web/images/bf1ca7057f53.jpg]
[web/html/penn.html]
[web/html/duke4658.html]
[web/images/duke-hz2b33.png]
[web/images/043ae3d4b1d7.png]
[web/images/a47d9a092028.png]
[web/images/6ba88c644977.png]
[web/images/7e8e465f649e.png]
[web/images/b3a830d38583.png]
[web/images/e3c27e137f6f.jpg]
[web/images/6f2932ce8e5f.png]
[web/images/c8700e0ae4f1.jpg]
[web/images/c4a5b895ad5b.jpg]
[web/images/abac84dcb171.jpg]
[web/images/c004b587ab8f.jpg]
[web/images/55b37164f631.jpg]
[web/images/1777c6cd5879.png]
[web/html/duke.html]
[web/html/umich4658.html]
[web/images/umich-hze232.png]
[web/images/232faee5d403.jpg]
[web/images/6ba06e277d75.png]
[web/images/f67aa94ed2d6.png]
[web/images/339f8ba2e92c.png]
[web/images/56ba8957771b.png]
[web/images/f857b4782f3f.png]
[web/images/53bec46d86ba.png]
[web/html/umich.html]
[web/html/coursera4658.html]
[web/images/coursera-hz33bc.png]
[web/images/a873c631e8e5.jpg]
[web/images/4777c75f18e2.png]
[web/images/5b8d495b09f6.jpg]
[web/images/47eaf1c6aa7e.jpg]
[web/images/minnesota-hzeb68.png]
[web/images/50ca9399a143.png]
[web/html/coursera.html]
[web/html/edx4658.html]
[web/images/edx-hz1ea9.png]
[web/images/b8f09641644f.jpg]
[web/images/9ec4332fbdc8.png]
[web/images/528ab2a1e81d.png]
[web/html/edx.html]
[web/html/futurelearn4658.html]
[web/images/futurelearn-hz0646.png]
[web/images/e9abe17eb707.jpg]
[web/images/bc6411c61d5a.jpg]
[web/images/93ccac8bc8c9.jpg]
[web/images/6055be110b8f.jpg]
[web/images/6b8426628a56.jpg]
[web/images/bbe47c948030.jpg]
[web/images/c5e73a822c8e.jpg]
[web/html/futurelearn.html]
[web/html/udemy.html]
[web/html/swayam.html]
[web/html/linkedin-learning.html]
[web/html/skillshare.html]
[web/html/providers.html]
[web/html/microsoft.html]
[web/html/ibm.html]
[web/images/smithsonian-hzbb83.png]
[web/images/b95edc13c41f.jpg]
[web/images/c9c17fe88d30.jpg]
[web/images/2f9bc66f9a93.png]
[web/images/839b4fb580e3.jpg]
[web/images/2caa23e52762.jpg]
[web/images/939811176d0e.jpg]
[web/images/75402da7c1cd.jpg]
[web/images/b8a94e758c2f.png]
[web/images/5b1544d5df90.jpg]
[web/images/9044df44b8a7.jpg]
[web/images/66a5945306a1.jpg]
[web/images/6f5e7d43b1d6.jpg]
[web/images/508792b866c7.jpg]
[web/images/baabae8f9aed.jpg]
[web/images/b1066956dbb0.jpg]
[web/html/smithsonian.html]
[web/html/united-nations.html]
[web/images/british-council-hz765e.png]
[web/images/062bad2be3aa.jpg]
[web/images/3d5dec739cfd.jpg]
[web/images/b00cdfb3efcf.jpg]
[web/images/de4d8cd50439.jpg]
[web/images/e9bca9337565.jpg]
[web/images/ed350e511e94.jpg]
[web/images/bbefa5d8cbae.jpg]
[web/images/99385291cfdc.jpg]
[web/html/british-council.html]
[web/html/institutions.html]
[web/images/harvard-certificate.png]
[web/images/chinese-lang-platforms.png]
[web/images/cs50-2023-banner-e1673610020393.png]
[web/images/ai-healthcare.jpg]
[web/images/conferences-digital-ed.png]
[web/images/free-conference-recordings.png]
[web/images/open-edx-2023-banner-final.png]
[web/images/aws-certs.png]
[web/html/index-21.html]
[web/images/72261.json]
[web/images/embed20b3.json]
[web/images/embedddd9]
[web/images/patrick-robert-doyle-ovxht_wi5ew-unsplash.jpg]
[web/html/index-22.html]
[web/images/toefl.jpg]
[web/images/ocw-banner.png]
[web/images/collection-earn-a-masters-degree-social.png]
[web/images/study-group_1.png]
[web/images/openedxconference.jpg]
[web/images/study-group.png]
[web/images/oeb21_sm_1200x675_ch-1024x576.png]
[web/images/hieroglyphics.png]
[web/html/index-23.html]
[web/images/84060.json]
[web/images/embeda72e.json]
[web/html/index-24.html]
[web/images/embed8985]
[web/images/85377.json]
[web/images/embed92ff.json]
[web/images/embedccb1]
[web/images/udemy-b2b-vs-b2c-2022-full-year.png]
[web/html/index-25.html]
[web/images/71534.json]
[web/images/embed1670.json]
[web/images/embedbed7]
[web/images/screenshot-from-2020-05-19-18-28-41-e1589907389429-1024x481.png]
[web/images/cs50s.png]
[web/images/cs50-2023-student-demo.png]
[web/images/cs50lawfinal-1024x479.png]
[web/images/cs50b-e1589908163415-1024x478.png]
[web/images/cs50-python.png]
[web/images/cs50ai-e1589908343841-1024x478.png]
[web/images/cs50webfinal-1024x478.png]
[web/images/cs50game-e1589908765679-1024x478.png]
[web/images/cs50mobile-e1589908823367-1024x478.png]
[web/images/cs50beyond-e1589908890517-1024x478.png]
[web/images/7ba54e7e14a706e50581944204d806a4e843.png]
[web/images/9ee92139227ea593822bf3b7ae3d97e0e843.png]
[web/images/e6d019c15299f9afd6c1995634ef348fe843.png]
[web/images/0c70328e95c7d35608e0c0381a3c9177e843.png]
[web/images/7d47f8eca35e571a814322243b04a2a6e843.png]
[web/images/6679fd4404bd00ddd77af2df3d7d4808e843.png]
[web/images/5e5f7b1ffdc916e05ba5920ac989330ee843.png]
[web/images/fa1d9d2bfa8e23894865f5ac0dbb4b76e843.png]
[web/images/a1f2e47aa0435d256da0610bdc714864e843.jpeg]
[web/images/f9c838fce23e3020caee3cbd60f6a9d4e843.png]
[web/images/75e73bd9ab26c0ea75640c157ea133b2e843.png]
[web/images/a6256591ab99117cf98ab37d8b01e7fde843.png]
[web/images/54646e76b2c4b06f45a18e60bc4a91c0e843.jpeg]
[web/images/d6178bf8b6445e3882ef5a39eb3655b3e843.png]
[web/images/d56baf944e92a84f7f5e1aedeb6a3938e843.png]
[web/images/d09d7decbbd30fc3d0210f6f4f56e929e843.png]
[web/images/7a77974ed8f89186b741815cb6edb097e843.jpeg]
[web/images/80cd1271c784afed949da921b417d47ee843.png]
[web/images/8fb495241c99d53e30ea9169d9a69427e843.png]
[web/images/149767f3544c7b618d7698438f4be90ae843.png]
[web/html/index-26.html]
[web/images/69630.json]
[web/images/embedc5bd.json]
[web/images/embedc8fe]
[web/images/xuetangx-homepage-2023-cropped.png]
[web/images/icourse-homepage-2023-cropped-final.png]
[web/images/zhihuishu-homepage-2023.png]
[web/images/cnmooc-homepage-2023.png]
[web/images/xue-yin-online-homepage-2023.png]
[web/images/chinese-moocs-homepage-2023.png]
[web/images/uooc-online-homepage-2023.png]
[web/images/zhejiang-online-homepage-2023.png]
[web/images/e-huixue-homepage-2023.png]
[web/images/cqooc-homepage-2023.png]
[web/images/rong-homepage-2023.png]
[web/images/ulearning-homepage-2023.png]
[web/images/ivce-homepage-2023.png]
[web/images/icc-homepage-2023.png]
[web/images/erya-homepage-2023.png]
[web/images/gaoxiaobang-homepage-2023.png]
[web/images/pmphmooc-homepage-2023.png]
[web/images/umoocs-homepage-2023.png]
[web/images/ilabx-homepage-2023.png]
[web/images/moec-homepage-2023.png]
[web/images/educoder-homepage-2023.png]
[web/images/ewant-homepage-2023.png]
[web/images/sharecourse-homepage-2023.png]
[web/images/openedu-homepage-2023.png]
[web/images/509b57d362f01ec156f13dbdb415f25de843.png]
[web/images/0cd5f1af7edd63fceabfab13e179e151e843.png]
[web/images/d767578334b2f6859ece45f0214507b2e843.png]
[web/images/339706459f97fa8f9d2b34a3e1979bf2e843.png]
[web/html/index-27.html]
[web/images/gmat-banner.png]
[web/images/ms-azure-cert.png]
[web/images/google-cloud-certifications.png]
[web/images/gre-banner.png]
[web/images/ielts-resources.jpg]
[web/html/index-28.html]
[web/images/85512.json]
[web/images/embed00a0.json]
[web/images/embed1e2a]
[web/images/digital-art-bcg-banner.png]
[web/images/class-central-preview-1.png]
[web/images/1.-digital-painting-master-class-_-beginner-to-advanced-udemy.png]
[web/images/2.-you-can-draw-this-art-with-flo.png]
[web/images/3.-pixel-art-for-video-games-udemy.png]
[web/images/4.-adobe-illustrator-advanced-vector-artwork-udemy.png]
[web/images/5.-animals-genevieves-design-studio.png]
[web/images/6.-a-pros-guide-to-digital-comic-book-coloring-udemy.png]
[web/images/7.-ultimate-guide-to-digital-sketching_-beginner-to-advanced-udemy.png]
[web/images/8.-complete-beginners-guide-to-digital-art-udemy.png]
[web/images/9.-pixel-art-master-course-beginner-to-expertfreelance-level-for-video-games-part-13-beginner-skillshare.png]
[web/images/10.-digital-painting-proko.png]
[web/html/index-29.html]
[web/images/85494.json]
[web/images/embed62d9.json]
[web/images/embed3d92]
[web/images/asset-sizes.png]
[web/images/everyone.png]
[web/images/1.-beginning-elm_-a-gentle-introduction-to-elm-programming-language-pawan-poudel.png]
[web/images/2.-introduction-to-elm-v2-frontend-masters.png]
[web/images/3.-elm-the-complete-guide-carlos-saltos.png]
[web/images/4.-elm-basics-jesse-warden.png]
[web/images/5.-an-introduction-to-elm-elm-lang.org_.png]
[web/images/6.-elm-exercism.png]
[web/html/index-30.html]
[web/images/7.-advanced-elm-frontend-masters.png]
[web/images/85445.json]
[web/images/embede196.json]
[web/images/embedfd84]
[web/images/resume-writing-bcg-banner.png]
[web/images/leonardo-da-vinci-resume.png]
[web/images/1.-writing-a-resume-linkedin-learning.png]
[web/images/2.-writing-winning-resumes-and-cover-letters-university-of-maryland.png]
[web/images/3.-how-to-write-a-resume-project-centered-course-state-university-of-new-york.png]
[web/images/4.-writing-a-tech-resume-linkedin-learning.png]
[web/images/5.-resume-makeover-linkedin-learning.png]
[web/images/6.-how-to-write-a-winning-resume-top-resume-writing-tips-professor-heather-austin.png]
[web/images/7.-the-complete-resume-linkedin-get-your-dream-job-course-udemy.png]
[web/images/8.-redesign-your-resume_-designing-professional-documents-skillshare.png]
[web/images/9.-designing-a-resume-for-creatives-linkedin-learning.png]
[web/images/10.-2021-career-hacking™_-resume-linkedin-interviewing-more-udemy.png]
[web/html/index-31.html]
[web/images/85425.json]
[web/images/embed54d5.json]
[web/images/embedd72a]
[web/images/1.-ocaml-programming_-correct-efficient-beautiful-cornell-university.png]
[web/images/2.-introduction-to-functional-programming-in-ocaml-universite-paris-diderot.png]
[web/images/3.-programming-with-ocaml-anthony-narlock.png]
[web/images/4.-ocaml-by-example-o1-labs.png]
[web/images/5.-ocaml-workshop-jane-street.png]
[web/images/6.-learn-ocaml-ocaml-software-foundation.png]
[web/images/7.-ocaml-exercism.png]
[web/html/index-32.html]
[web/images/73844.json]
[web/images/embed79e1.json]
[web/images/embed41e9]
[web/images/growth-of-courses_1.png]
[web/images/31a89e693f5048e0e80cb9b354e82bd9e843.png]
[web/images/98c6dc0eadb34b638c06984e992ceba8e843.jpeg]
[web/images/568bdc0f936c96b9ed08d7e98a4707d9e843.png]
[web/images/4ae1f4d980617dd065d10276d5a5fb38e843.png]
[web/html/index-33.html]
[web/images/72109.json]
[web/images/embed5783.json]
[web/images/embeda575]
[web/images/india-online-degrees.png]
[web/images/screenshot_2019-07-01-swayam-central.png]
[web/images/degrees-china.png]
[web/images/b12ecbe2ed6195b03e4f5956840d03eee843.png]
[web/images/66507eee5deb96d7b985b8876b2492f0e843.png]
[web/images/236b2d6f50ba32e3fa4fab10d6ced411e843.jpeg]
[web/images/ec893f0a79214f8aa925668b413a6c85e843.png]
[web/images/b1098741cb28e5fdc078b2700eb66eb9e843.png]
[web/images/ac1f411bcffaefd7b2bb9dac9584cfbce843.png]
[web/images/dee7e86e7ad54e1bb889fccba7607b4de843.png]
[web/images/a130870ccaa6bb8f250dcbec777ed7dfe843.png]
[web/images/790a8a2cb5db6145f0ab0a291c9f9987e843.png]
[web/images/f93a98d267a799da388bb9eb7cf5bc33e843.png]
[web/images/e9025899ecaccaee86ef021aa6c661c0e843.png]
[web/images/f045341e1dce4d87bffbd1a46252156ce843.png]
[web/images/e789473745cf8ab97bd70ed86b2b7249e843.png]
[web/images/2552c3a7161e94746d09d71252ee4c10e843.png]
[web/images/8fe5eafdc779eed55d8352ecbaf80adce843.png]
[web/images/684aa98762f949b4467e06af885c6bb6e843.png]
[web/images/d011101e7a416fd9069838379074abbbe843.png]
[web/images/a9b613472c190dc004b2a5cd1b1456dbe843.png]
[web/images/a55208fa12db01f0174b6bee2c778f05e843.png]
[web/images/5c353f1a03051bac66e0f8c576712638e843.png]
[web/images/7ee3e5e8e8a0ff4d771c3616a3ea930fe843.png]
[web/images/8ef88d415a3049f677b70a70300f4102e843.png]
[web/images/5b67bc2e3cea5d8fec07181da1e5aa23e843.png]
[web/images/79817b3fd6fc1422386df0171773cdaae843.png]
[web/images/0ec57ebb85c8c4476fd92f981156fc2ce843.png]
[web/images/43d482be65310501efedc693378d0367e843.png]
[web/images/c6bd1c9f31d94d0caf9ccbd7cf82fdc1e843.png]
[web/images/6bf8ab396a65bd4266188c26a399289ee843.png]
[web/images/bb90d21be087a4dcbee44effd1c4a176e843.png]
[web/images/4ab88b3bcb24bd8689da38c9783f26dfe843.png]
[web/images/d28106796ce9a04cdc2d02134a853cc4e843.png]
[web/images/3298286a0abb9015216dd63c06cf491ee843.png]
[web/images/312012d7cbbc41d548f490b1abcbe2bfe843.png]
[web/images/af45da535404a11a6aa33f5d4a823f11e843.png]
[web/images/847f0977fae5cfb17c5828c5a58391bde843.png]
[web/images/e70018203e8a10486ebba3654886421de843.png]
[web/images/6d880e04420b1310ddfa1c6a3f839706e843.png]
[web/images/8b7798260598530ec242ce4ea2c61befe843.png]
[web/images/9767dad9b21674ba8d912157e808ad4ae843.png]
[web/images/5d935dd4f2f31361aec641ec00f12934e843.png]
[web/images/4a20c2d3a0311b5ca976e9aaded22a1ae843.png]
[web/images/5d184beb3a8df7854dc74c359c45ddd4e843.png]
[web/images/4661f540ff2dcaaec9ee5e3710acad80e843.png]
[web/images/0b681ddc36a49da825262b8a94f584e0e843.png]
[web/images/eca412a09af0c664bd6d9bf9b00880d3e843.png]
[web/images/5f0c5e18e07ed297da2ef947a303e28be843.png]
[web/images/f6de965e4af13aa5f1b75ea514617c00e843.png]
[web/images/09b253d3fad87836b9334a1b7adbf3a7e843.png]
[web/images/bc79497e55ac95377066d7433377f7ace843.png]
[web/images/f495fbf05fc083328ebe391e7712f65ae843.png]
[web/images/9e6b62dc064d7fbe722a9b2018e01c9ee843.jpeg]
[web/images/63c8eb48b2e5a34c153099d03633d31de843.png]
[web/images/d68a57988380301bd94ac0a9586cd55ce843.png]
[web/images/f47675a45540d7087f010789d757a48fe843.jpeg]
[web/images/079e4c4d2dc3126f37d0b2aadd3b005ee843.png]
[web/images/93f94c1abe33e1be56d78941beaef951e843.png]
[web/images/37794c9b932ca0cb807fd1f5abe7030fe843.png]
[web/images/fc06ed5d29e54dbdd30cba43516e6677e843.png]
[web/images/a6690817a0ae1a83dee421a835360671e843.png]
[web/images/0f03b75adcc185e967bb3785115ff07ce843.png]
[web/images/15c7d930ee1471f5b6cd045410d5be58e843.png]
[web/images/46fd1af2cde9191a4f16eec4cfb31b70e843.jpeg]
[web/images/1b883b134118ffc5730f0277d388af4ee843.png]
[web/images/67280095eede7981fb01ca2f9abc2bfbe843.png]
[web/html/index-34.html]
[web/images/65630.json]
[web/images/embede95f.json]
[web/images/embed8bc1]
[web/images/collection-india-ugc-approved-online-degrees-social.png]
[web/images/udacity-georgia-tech-omscs-meetup-sxswedu-2016.jpg]
[web/images/2c5f8cde769bc0ac550ca931c62bfb9ee843.png]
[web/images/2fba27596d0724b3a4722584d0ed1eafe843.png]
[web/images/a5fc30c78b6c007cf64793b94304dfc5e843.png]
[web/images/21737702ee59146508f5a515d2c6e3e2e843.png]
[web/images/b2c304c39d1d8a8a068d31f884ebcdc7e843.png]
[web/images/003d2baf675acbcfbc0ebb41a2a69779e843.png]
[web/images/1122010ee3da0b8fea4ef410af20029ce843.png]
[web/images/61dc3c45c69df368f1a4452b3c4843bbe843.png]
[web/images/96fbd1fd6988cc0a50c1476b037cba69e843.png]
[web/images/f78936e17bb6979b6ba323bd75f188d8e843.png]
[web/images/4997216be575e10514767a585eaeea04e843.png]
[web/images/85a2523ecf8e73dacdf79795f53b4fb9e843.jpeg]
[web/images/6884592634ee7a6767da98de9a2292f2e843.png]
[web/images/1f4455df392466fdf4b8e4886367f4fce843.png]
[web/images/d7eb539ce98d5a298c7f841aeabb0e1ae843.png]
[web/images/2eeaa3334c490c15a9d65d0c78771f38e843.png]
[web/images/cd34153b969d91b3f55a50fc105bfe73e843.png]
[web/images/b9cc166038b131c7698ed07154fb088fe843.png]
[web/images/35d5ba8138809e5b23a3306a63d16178e843.png]
[web/images/de205b4668f40b22a2022dc00215f7f8e843.png]
[web/images/1cf78632252345daf97d3ef3172a1ff2e843.png]
[web/images/943a94f64d8939632c0f74ff40e38aa0e843.png]
[web/images/9982bc6bd019c0940a3a8f0ae70cc6f5e843.png]
[web/images/dae916a6316c3421fd42193bc8a06332e843.png]
[web/images/9ca49c215e7de08ac85b7833f634d1b8e843.png]
[web/images/a98999392e9a52ff425fc40a4f554d06e843.png]
[web/images/be8e555459dd0782796f7f1e20dd8ee9e843.png]
[web/images/448fa56f4a123cd227db2b4a3379210ee843.png]
[web/images/8f6daed930a965eabd4986141f673852e843.png]
[web/images/eeb4ed059c787c00bed7a879199bfdd2e843.png]
[web/images/573d2d63a63c44247290db1f080168b2e843.png]
[web/images/db4291d4cb0ceb28aa96d62f6219ab1ce843.png]
[web/images/d3f90d66fc763656d3afbd8169f1dc32e843.png]
[web/images/f195ece36e74b443fd17ad6f9790c00ee843.png]
[web/images/59b2f6e03539aa2e506813b5003bf3fde843.png]
[web/images/2f818e8d011058473e9f96ee6f9ea0f0e843.png]
[web/images/eae65845e6e9abb8e57414c7c62cf965e843.png]
[web/images/e52815c1c8a2aec18f7ef7f9d4dfea5ee843.png]
[web/images/a849c1652f138fbac7f1ce6471f37fade843.png]
[web/html/index-35.html]
[web/images/70569.json]
[web/images/embedcfd6.json]
[web/images/embed69d0]
[web/images/collection-microcredentials-social.png]
[web/images/microcredentials-subject-dist.png]
[web/html/index-36.html]
[web/html/udacity4658.html]
[web/images/udacity-hzc1f5.png]
[web/images/f8a3350f6dbe.jpg]
[web/images/6a234e89a7a7.png]
[web/images/cea128c42af9.png]
[web/images/b1d5603488eb.jpg]
[web/images/0ac357fe4d22.png]
[web/images/fde07ea68893.png]
[web/images/f90c1da6feb0.png]
[web/html/udacity.html]
[web/html/gatech4658.html]
[web/images/gatech-hz751a.png]
[web/images/fe3e41f4d8d4.jpg]
[web/images/3876f3c7dbba.jpg]
[web/images/b53bfea8e886.jpg]
[web/images/8a9ad69e3048.jpg]
[web/images/0cec9d158ae5.jpg]
[web/images/c5b1664c60dd.jpg]
[web/images/6a12b0dbd728.jpg]
[web/images/1f57fc304379.jpg]
[web/images/25944796a5ab.jpg]
[web/images/2205688506d6.jpg]
[web/images/36266f3ca8fe.jpg]
[web/html/gatech.html]
[web/images/linuxfoundation-hzc33b.png]
[web/html/linuxfoundation4658.html]
[web/images/3c28eaa22c88.png]
[web/images/07f7bf0a9024.png]
[web/images/41341249f57b.png]
[web/images/1a15305d66f1.png]
[web/images/1b8d5d44dd84.png]
[web/images/83d5fcf472e0.png]
[web/images/4e03c8bebc14.png]
[web/images/59023c5323d9.png]
[web/images/aebdd02462cb.png]
[web/images/6938c4a2ab25.png]
[web/images/c9caf95645a8.png]
[web/images/f3c884b6ab9f.png]
[web/images/4f5b362df25d.png]
[web/images/f4409d2691c8.jpg]
[web/html/linuxfoundation.html]
[web/html/salesforce4658.html]
[web/images/4d0e5a4b5379.png]
[web/images/c1d39b09d6b0.png]
[web/images/49161e601e69.png]
[web/images/820a498e880d.png]
[web/images/95a09c0ddc76.png]
[web/images/03d869e8e305.png]
[web/images/078e88af1de9.png]
[web/images/6e79ae092f8a.png]
[web/images/9927c3a111c6.png]
[web/images/a650b5c067f7.png]
[web/images/fc49db1be945.png]
[web/images/6e097f8b166c.png]
[web/images/720dcc3bb66f.png]
[web/images/76b689bfbd45.png]
[web/images/d35df3668532.png]
[web/html/salesforce.html]
[web/images/83775.json]
[web/images/embeda013.json]
[web/images/embed32d0]
[web/html/index-37.html]
[web/images/most-popular-2023-e1670862690695.png]
[web/images/76388.json]
[web/images/embed7f05.json]
[web/images/embedc5b9]
[web/images/coursera-top-courses.png]
[web/images/coursera-revenue-quarterly-graph-2022-q2.png]
[web/images/f98d0a5826762dec3a40289afd1dd7c1e843.jpeg]
[web/html/index-38.html]
[web/images/76369.json]
[web/images/embed5184.json]
[web/images/embededb2]
[web/images/edx-most-popular.png]
[web/images/screenshot-2021-09-08-at-13-41-20-learn-like-a-pro-science-based-tools-to-become-better-at-anything.png]
[web/images/623fdbd0f20b6abcd2558442fdc90c3be843.jpeg]
[web/html/index-39.html]
[web/images/84384.json]
[web/images/embeddda1.json]
[web/images/embededbe]
[web/images/2022-year-in-review-banner.png]
[web/images/class-central-users-2020.png]
[web/images/coursera-s1.png]
[web/images/udemy-s1.png]
[web/images/amazon-discontinuous-udemy-competitor.png]
[web/images/india.png]
[web/images/udemy-b2b-vs-b2c-2022-large-final.png]
[web/images/berkeley-extension-bootcamp-on-edx-e1672658649856.png]
[web/images/udemy-vs-coursera-b2c-revenue-q3-2022.png]
[web/images/attack-on-cc-banner.jpg]
[web/images/china-drops.png]
[web/images/716f4ee9219a93467e6f172190a72a9de843.png]
[web/html/index-40.html]
[web/images/83561.json]
[web/images/embedcbb5.json]
[web/images/embed9ce3]
[web/images/cc-attack-flatlining.png]
[web/images/ransom-ddos-attack.png]
[web/images/attacker-tweet-dm.png]
[web/images/attacker-tweet-dm-2.png]
[web/images/maintenance-page-during-attack.png]
[web/images/suparn-speaking-conference-scaled.jpg]
[web/images/attack-cost-spike.png]
[web/images/click-drop-graph-final.png]
[web/images/drawl-requests-drop-e1669117441684.png]
[web/images/5e89188b3a29cfdbda300f7b13698f53e843.png]
[web/images/bf0bc6008264790562349bca7bdd1b33e843.jpeg]
[web/images/6e9865fac7b556fbcf5e7a8d2721ae02e843.png]
[web/images/e076d1995a70e8566cf03086f0847df1e843.png]
[web/images/a2b32bd7e654f3d41043ee97be565029e843.png]
[web/images/8dca1245de2387759730ccc2a071016be843.png]
[web/html/index-41.html]
[web/images/70103.json]
[web/images/embed2794.json]
[web/images/embed9aff]
[web/images/cs50-2023-wordle-vs-wordle50.png]
[web/images/cs50-certificate-2022.png]
[web/images/67292af9c360fd651822f279593b16bae843.png]
[web/images/3794cbeb72e1711c404595eb7dea9c31e843.jpeg]
[web/images/1fcc02964bc4d4be771b230d4081dbe6e843.png]
[web/images/92db969f741c4293c3e714b0fea93bf1e843.png]
[web/images/05ded1b57abf7e715898e6479307b548e843.png]
[web/images/165913847e04651a500897098d5169d4e843.png]
[web/images/86d632b45a66ddb5684c2345ad7ffc82e843.png]
[web/images/f4d1d9b2af9b5097e9fd7a706b6489a5e843.png]
[web/images/e7809c641c3bb923c237a5d424e34a1be843.png]
[web/images/1d344044dd180a4b7fc3bf6976ab7fc3e843.png]
[web/images/e38b89579d008a9c66dfc899defbb246e843.png]
[web/images/1895e6270487063f4bfefe8c3b7dc80fe843.png]
[web/images/5fd6114feb8eeee729b8bf9cd95669cce843.png]
[web/images/6bfededda0dea82ff60e16673d88f91be843.jpeg]
[web/images/44bcbb4cf57aa94aebb13563f1880e54e843.png]
[web/images/0ad13f06b8d47d6a53f3dfd84b1b32e7e843.png]
[web/images/a0ec261e6908b7ff9a06e00554446fdee843.png]
[web/images/f55942d22a41bfd7bb0fb5a5b2b4f729e843.png]
[web/images/8134eb6176199e163083ea256c334007e843.png]
[web/images/5dcbd5bf9b3dc3720487462ed92e61fce843.png]
[web/images/c3789aaaf0240dc931148de867af6925e843.png]
[web/images/28292459cf02c522de363e7abaf632e1e843.png]
[web/images/cecbf39ec78dc0feb3d8815f3feee5d7e843.png]
[web/images/59381fec92d3a66e172c78acc656cca4e843.png]
[web/images/13c0189810f6e93c8a0987aae88d78bce843.png]
[web/images/0574bce24aade48451a3f52cfa048515e843.png]
[web/images/2d69c7603a80196b6079953647699bade843.png]
[web/images/023cfb7e099c5990a1ca8ca697e0a4cbe843.png]
[web/images/44b5f03c9656d48994c79d134021b1b5e843.png]
[web/images/7fa7e60eaf4dd06dd8c5cf86cc787e74e843.png]
[web/images/9b4368b3c50864e40a5eef4da8b913c7e843.png]
[web/images/5427b9d8667922159ae4f7d5c20fae28e843.png]
[web/images/56e30446d824dee9d5f0b5aa687a6e1be843.png]
[web/images/dc49cce9c0eab40d46ee8216cd3bafc1e843.png]
[web/images/38555be8410faf52c65be831a70c0ff5e843.png]
[web/images/737b6f96de49bef8186f68954ebc46d8e843.png]
[web/images/f2a7990ecef0dcfbebb278056f796f48e843.png]
[web/images/91fa9688f8d0ef925776ab43025be16fe843.png]
[web/images/5604d888a47efcfd9269e7b80a30335fe843.png]
[web/html/index-42.html]
[web/images/67197.json]
[web/images/embed5bf3.json]
[web/images/embed27fb]
[web/images/image1-1024x680.jpg]
[web/images/image5.jpg]
[web/images/ou-course-homepage-e1634811442607.png]
[web/images/image6.jpg]
[web/images/image4.jpg]
[web/images/image3.jpg]
[web/images/34a1846ec4b72adc0f831a61a303ca0fe843.png]
[web/images/03edf23a5a7c42b5a94f6a0d9049f172e843.png]
[web/images/971a7fa907b48ef8ae4e65fb9b7623ebe843.png]
[web/images/8eba93d2fc0799e02d9db22a64fb7a48e843.jpeg]
[web/images/fb056f0fae36a41a8cb0ff9e65521c8be843.png]
[web/images/433f1fe3d3df1054ded10f69cd60d2b4e843.jpeg]
[web/images/b573df41f7ca69b2de4d88eb98aa8a4de843.png]
[web/images/db0b03d05269c55b03e52f0ea9ba395fe843.png]
[web/images/d3434365f5d475ce2315356428214223e843.png]
[web/images/b0d0b72d562fc1ac914cf43954fe8968e843.jpeg]
[web/images/8931568b8c8547dd3644fc097870edc7e843.png]
[web/images/3f32f948fd0e8927455aa727ec636f3be843.png]
[web/images/99207c61889dbe6e5160e5a077b91488e843.png]
[web/images/890d3f9c0609a13e60dbeb3c6fdb4515e843.png]
[web/images/e6f645f7ec03e96213b00613e986bf0ae843.png]
[web/images/fd745c66f72f9758d93c0a6d322eec40e843.png]
[web/images/49d191d6a0e30177fbcb8552319038c8e843.png]
[web/images/caffd68d4833de1a0281213f49b040efe843.png]
[web/images/cdeea4bfda64f5c322b99f5711304d8de843.png]
[web/images/1be85b910b63ae42c9175ad8c598fffee843.png]
[web/images/09dd8c83d30073bc3d9fbafcd494ecfae843.png]
[web/images/c40a537eb02b0335e9ec24e164380e31e843.png]
[web/images/9ae07c69483c2bb3fb91b6c63e53adebe843.jpeg]
[web/images/b741235216e9e1316cb3da19b9daa6a8e843.png]
[web/images/2057f613da9a90207d60ac4a9d2d179fe843.png]
[web/images/ca62b490081f5b81dd268cab1fc75571e843.png]
[web/images/20ffe8fda10ac3e55fe7f56c4db303aee843.png]
[web/images/6ef13a89c520fc76029a60ae216babcce843.png]
[web/images/0ba5ee4b0b1a8d512ee67c799cbbbcf1e843.png]
[web/images/5f4220be419b3ae7a1dc6c02ecb8a62ce843.png]
[web/images/2b538854b6717705658f5d58f7c44825e843.png]
[web/images/12c1172bc82b1a68e411b1d90118ab86e843.png]
[web/images/fc6e978230ca27cf294b19fe16951086e843.png]
[web/images/d62a952ee8b0cf550ca0a854da4f5de7e843.png]
[web/images/09bb4be6e872243c660fd44af165f080e843.png]
[web/images/04e0e49ce77868a5fc4c64287cfacc10e843.png]
[web/images/c29e31bc66e737a74ff16582016b82f2e843.png]
[web/images/f6ac42d21be10ede230f901c314f3015e843.png]
[web/images/83989590a571c0ad05e1aab8d229059be843.png]
[web/images/48728323e859928bf04365c815b76a84e843.png]
[web/images/ea2a300df76d03c95ef9d39d7ce947d6e843.png]
[web/images/821cbfb9f37e809055e77ee97e9a1e0de843.png]
[web/images/38cbaffce481945c2c3dad762d2dc86ae843.jpeg]
[web/images/c3abd7b572a3e415fa837562e6dfe612e843.png]
[web/images/9addece7e63ac935073ed0f5142a2b15e843.png]
[web/images/34eefc72905b80c79fd8d3daaab79fd3e843.png]
[web/images/560c33efeccc8f168b0d30e50e18f5cce843.png]
[web/html/index-43.html]
[web/html/index-44.html]
[web/images/72028.json]
[web/images/embed46f4.json]
[web/images/embedcb9e]
[web/images/linked-learning-free-courses.png]
[web/images/linkedin-learning-certificate-popup.png]
[web/images/f444817acf4be016b9bd6f4ade1f318ce843.png]
[web/images/3d02d83f8814f04f2a7c7e4913d8b64ee843.png]
[web/images/e62ffa1da6347a6486dc3fe116e01291e843.png]
[web/images/badfd6b207ec97eef7f3654c81564a9ce843.png]
[web/images/d00af97b0afe2f93b80ab41e0192124be843.jpeg]
[web/images/c14049d74146c146ff142ea075c6bff7e843.jpeg]
[web/images/1d27c4d645db8ec29c49942185b40f15e843.png]
[web/images/1c5c778d98572dce81d352978611bb1ee843.png]
[web/images/4dbbad0eddef127f33347602f7f1112ce843.png]
[web/images/cf6c702a2c53dc915eaf9ca26c716f87e843.png]
[web/images/1cf8d015c6ca46ea8f4b0583278861ade843.png]
[web/images/f1765a1e15f762be92fda0f5f56c395fe843.jpeg]
[web/images/689f87ce2c6b88e3cb033d368ca0fca3e843.png]
[web/images/67a87f2bbe225403670360b394805c4be843.png]
[web/images/947a632158b6d39dd05a65a6e3df9666e843.png]
[web/images/d2610775a6d313a6639ac6c7aab816d4e843.jpeg]
[web/images/dbace4a1248a81e1765067b8663a63d1e843.png]
[web/images/0de5d5f7a95b0cd2b3b4924648c31e1ee843.png]
[web/images/3dedd66bdae865bd5fb66717ef88b4e9e843.png]
[web/images/da568ab6eb41870bcaaa7ad60bba088be843.png]
[web/images/4a807002eaef450dbced0372191fbf08e843.png]
[web/images/fe777d2fcfc814c6d2ea8700d3fb9dbbe843.png]
[web/images/6c7d1fe81e637a1401dbda46c62146afe843.png]
[web/images/16da9bf613296639915ab56ee085b2f8e843.png]
[web/images/461e93434a311a3e4026f8272c3d6a72e843.jpeg]
[web/images/ca521127b7ae1d32fece69fa4b473ce1e843.png]
[web/images/2db73aa1f69d024896acdb384443911ae843.png]
[web/images/7ed62fa1578d395e66f10daa4b937310e843.jpeg]
[web/images/1f3ef1bf65a4d95cfbfde7ae06ffcf2ce843.png]
[web/images/b9c506dda581b7fd3eae5f585aa36ecce843.png]
[web/images/fac0768c165c0409638e0ab58915e3fbe843.png]
[web/images/604723f68c93295a2a3b8c2dacb01299e843.png]
[web/images/97c185aed56a3c15157f6e48deb58557e843.png]
[web/images/66c75b882ebfdec8c224b2e4dbf577fde843.png]
[web/images/e335ce8e2fafa248003996580ca91758e843.png]
[web/images/0bc16865735e6a2c5be492a5f91f47eee843.png]
[web/images/eac3393b1b1707658e70c14bbd2939f0e843.png]
[web/html/index-45.html]
[web/html/index-46.html]
[web/images/58243.json]
[web/images/embed4dd3.json]
[web/images/embed0dde]
[web/images/grammar-courses-banner.png]
[web/images/essay-courses-banner.png]
[web/images/journalism-courses-banner.png]
[web/images/creative-writing-courses-banner.png]
[web/images/copywriting-courses-banner.png]
[web/images/academic-writing-courses-banner.png]
[web/images/business-writing-courses-banner.png]
[web/images/technical-writing-courses-banner.png]
[web/images/resume-writing-courses-banner.png]
[web/images/screenwriting-script-writing-courses-banner.png]
[web/images/grant-writing-courses.png]
[web/images/9677515742075d3809f6628bf6b56d5fe843.png]
[web/images/42684edc860547f92cc9121d782e7c54e843.png]
[web/images/45d19c564be210f423e84b9605d21f0ae843.jpeg]
[web/images/d4249ad4fa6634feb17a91ed056339afe843.png]
[web/images/9a30fda3e05bc49bac9390c8b5a4dd92e843.png]
[web/images/28194979a07ba76e28e9a7d0643f56f6e843.png]
[web/images/53b44761e1bc0701dd2f8ad8f46f9717e843.png]
[web/images/3b1b89f14bcc1fe87b827a21efdd5d60e843.png]
[web/images/905f01bed446413a18cb2c158a313aebe843.png]
[web/images/d3ce5f4a01633614d8afeb10dff53710e843.png]
[web/images/d104f7bdab1b9b156523c6f7a8c3c7b3e843.png]
[web/images/1507e6d20478c7d4475f73d6941d0cf2e843.png]
[web/images/eb50cd84793dc454bdd647efae2b57e3e843.png]
[web/images/dae207b70f64ce64c35afd583cc0ac88e843.png]
[web/images/2b04a67f87409571afe45184b1cbc39de843.jpeg]
[web/images/5935e1c17aae217bffcde8e76f7e5ec7e843.png]
[web/images/5bb9e09baa7f361091ce546599fc58f3e843.png]
[web/images/3091161a3374b173d93c26c947b68f0de843.png]
[web/images/d360fbda3ae1e53340b095e8bc52f0e3e843.png]
[web/images/99e703720abac15bf56752cc4f2a3c08e843.png]
[web/images/45a338e645c50c196a6dfb954b9ed07fe843.png]
[web/images/315852d172f98d6b81be02845dc15779e843.png]
[web/images/d3c4c03c8b89f659324668d45422226ae843.png]
[web/images/bc760673cf30a6cf2fe8869791311bc8e843.png]
[web/images/f478dd254ea13f3b884f3075089ed0b2e843.png]
[web/images/64d108409dffe38d14d162828925f723e843.png]
[web/images/2c995163cadc18c6933f0fdf32737380e843.png]
[web/images/7bcb8172860536287d9ea904d36d2dc7e843.jpeg]
[web/images/3326226753b35857c6e25d39a2df2996e843.png]
[web/images/8c8e81a7833537682f1f1a10052bc088e843.png]
[web/images/41367121573935d2f25072528d353773e843.png]
[web/images/04459231ffe1ddc2bff0d9dfc8da904ce843.png]
[web/images/88af2e126ec06a94b789f618bd948248e843.png]
[web/images/739c3532f81f279fffae516982173076e843.png]
[web/images/4b1bf3141748a43ee954844d80ec49b5e843.png]
[web/images/7cac8a571650f18f86e8e86407193d47e843.png]
[web/html/index-47.html]
[web/images/group-photo-madridd936.jpg]
[web/images/dhawal-shah38fe.jpg]
[web/images/pat_bowdenf6a3.jpg]
[web/images/bob_brady1711.jpg]
[web/images/archisha-bhar239d.jpg]
[web/images/manoel-mendeze19a.jpg]
[web/images/kiri-pd99b.png]
[web/images/suparn_patrac3b1.jpg]
[web/images/kinjal-vora636c.jpg]
[web/images/elham-nazifac50.png]
[web/images/fabio-dantasf8e2.png]
[web/html/about.html]
[web/html/privacy-policy.html]
[web/images/team-locations2994.jpg]
[web/html/careers.html]
[web/images/illustration-help-desk919b.png]
[web/images/coursera-sq6060.png]
[web/images/edx-sqa31f.png]
[web/images/udacity-sq20cc.png]
[web/images/futurelearn-sq288f.png]
[web/html/help.html]
[web/html/contact.html]
[web/html/index-48.html]
[web/html/index-49.html]
[web/html/index-50.html]
[web/html/index-51.html]
[web/html/index-52.html]
[web/html/index-53.html]
[web/html/index-54.html]
[web/html/email-protection.html]
[web/images/celebrate.svg]
[web/html/subjects4658.html]
[web/html/cs4658.html]
[web/images/csc2cc.svg]
[web/images/f7bda83986e6fd97.svg]
[web/html/health4658.html]
[web/images/healthe1dd.svg]
[web/html/maths4658.html]
[web/images/maths3e32.svg]
[web/html/social-sciences4658.html]
[web/images/social-sciences0f8d.svg]
[web/images/frontend.min2072.css]
[web/images/flatpickr.min2072.css]
[web/images/select2.min080f.css]
[web/html/xmlrpc0db0.html]
[web/images/safari-pinned-tab-2.svg]
[web/images/cc-style.1faac0f8c55193cb997a.css]
[web/images/cs.svg]
[web/images/business.svg]
[web/images/humanities.svg]
[web/images/data-science.svg]
[web/images/personal-development.svg]
[web/images/art-and-design.svg]
[web/html/index7b9d.html]
[web/html/index4928.html]
[web/html/indexacb4.html]
[web/html/index1a28.html]
[web/html/indexc39c.html]
[web/html/index5f7b.html]
[web/html/index4541.html]
[web/html/index5cd6.html]
[web/html/march-2023.html]
[web/html/starting-this-month4658.html]
[web/html/february-20234658.html]
[web/html/indexa750.html]
[web/html/ai4658.html]
[web/html/algorithms-and-data-structures4658.html]
[web/html/internet-of-things4658.html]
[web/html/information-technology4658.html]
[web/html/calculus4658.html]
[web/html/precalculus4658.html]
[web/html/management-and-leadership4658.html]
[web/html/industry-specific4658.html]
[web/html/project-management4658.html]
[web/html/customer-service4658.html]
[web/html/language-learning4658.html]
[web/html/culture4658.html]
[web/html/3969735f83343e4b.html]
[web/html/robotics4658.html]
[web/html/bim4658.html]
[web/html/chemistry4658.html]
[web/html/agriculture4658.html]
[web/html/k124658.html]
[web/html/test-prep4658.html]
[web/html/anthropology4658.html]
[web/html/sustainability4658.html]
[web/images/sustainabilityb76f.svg]
[web/html/digital-media4658.html]
[web/html/data-analysis4658.html]
[web/html/databases4658.html]
[web/html/communication-skills4658.html]
[web/html/network-security4658.html]
[web/html/malware-analysis4658.html]
[web/html/indexc9a6.html]
[web/html/index-56.html]
[web/images/0.json]
[web/html/indexe891.html]
[web/html/index2250.html]
[web/html/index8ee0.html]
[web/html/index54bd.html]
[web/html/digital-skills4658.html]
[web/html/stanford4658.html]
[web/html/e988eccaf953c4df.html]
[web/html/mit4658.html]
[web/html/google4658.html]
[web/html/amazon4658.html]
[web/html/index-57.html]
[web/html/index5a97.html]
[web/html/harvard4658.html]
[web/html/iit-kharagpur4658.html]
[web/html/rice4658.html]
[web/html/iitm4658.html]
[web/html/columbia4658.html]
[web/html/edinburgh4658.html]
[web/html/purdue4658.html]
[web/html/penn4658.html]
[web/html/duke4658.html]
[web/html/umich4658.html]
[web/html/f9c1fd5b33eb0ac1.html]
[web/html/coursera4658.html]
[web/html/edx4658.html]
[web/html/futurelearn4658.html]
[web/html/index04e8.html]
[web/html/indexd15c.html]
[web/html/index5a49.html]
[web/html/index5ea4.html]
[web/html/index7475.html]
[web/html/indexa33f.html]
[web/html/index625b.html]
[web/html/index6d69.html]
[web/html/indexd07d.html]
[web/html/index4337.html]
[web/html/index702e.html]
[web/html/index127b.html]
[web/html/index3575.html]
[web/html/udacity4658.html]
[web/html/gatech4658.html]
[web/html/linuxfoundation4658.html]
[web/html/salesforce4658.html]
[web/html/index0ebe.html]
[web/html/indexfbe4.html]
[web/html/index4aa4.html]
[web/html/index4821.html]
[web/html/index3476.html]
[web/html/index70a0.html]
[web/html/index6b6e.html]
[web/html/index29c3.html]
[web/html/indexbd64.html]
[web/images/js]
[web/images/100717250ns.gif]
